---
source: squirrel_lang/src/runtime/walker.rs
expression: Walker test for verify/values_and_data_types/integer.nut (Generated by sq_expect.py)
---
123
18
61
119
true
false
null
