---
source: squirrel_lang/src/runtime/walker.rs
expression: Walker test for edge_cases/shadow_builtin.nut (Generated by sq_expect.py)
---
Just a test
