---
source: squirrel_lang/src/runtime/walker.rs
expression: Walker test for edge_cases/class_modify.nut (Generated by sq_expect.py)
---
