---
source: squirrel_lang/src/runtime/walker.rs
expression: Walker test for squirrel_repo/matrix.nut (Generated by sq_expect.py)
---
283740 1077225 1470030 1873320