---
source: squirrel_lang/src/runtime/walker.rs
expression: Walker test for squirrel_repo/list.nut (Generated by sq_expect.py)
---
oki doki
