---
source: squirrel_lang/src/runtime/walker.rs
expression: Walker test for edge_cases/lost_env.nut (Generated by sq_expect.py)
---
(table : 0x<memory>)
I am not null
[field]
null
I am null
