---
source: squirrel_lang/src/runtime/walker.rs
expression: Walker test for edge_cases/default_args.nut (Generated by sq_expect.py)
---
1
1
1
1
2
3
