---
source: squirrel_lang/src/runtime/walker.rs
expression: Walker test for verify/values_and_data_types/string.nut (Generated by sq_expect.py)
---
Error [expected 'IDENTIFIER']
