---
source: squirrel_lang/src/vm/runtime/mod.rs
expression: Walker test for squirrel_repo/delegation.nut (Generated by sq_expect.py)
---
PLAYER NAMEgodzilla
ENTITY TYPEtable
x=10 y=20 z=30
x=123 y=20 z=30
