---
source: squirrel_lang/src/vm/runtime/mod.rs
expression: Walker test for verify/lexical_structure/keywords.nut (Generated by sq_expect.py)
---
fooFoo6keywords.nut