---
source: squirrel_lang/src/vm/runtime/mod.rs
expression: Walker test for squirrel_repo/list.nut (Generated by sq_expect.py)
---
oki doki
