---
source: squirrel_lang/src/vm/runtime/mod.rs
expression: Walker test for squirrel_repo/ackermann.nut (Generated by sq_expect.py)
---
n=1
Ack(3,1):13