---
source: squirrel_lang/src/vm/runtime/mod.rs
expression: Walker test for squirrel_repo/methcall.nut (Generated by sq_expect.py)
---
false
true
TIME=8.00006e-06
