---
source: squirrel_lang/src/vm/compiler.rs
expression: actual_code
---
- code:
    - Class:
        data:
          inherits: false
        ctx:
          class_kw_span:
            start: Start
            end: End
          class_body_span:
            start: Start
            end: End
          extends_kw_ty_span: ~
    - Load:
        data:
          Const: 1
        ctx:
          start: Start
          end: End
    - Store:
        data:
          Reg: 1
        ctx:
          start: Start
          end: End
    - Load:
        data:
          FunIdx: 0
        ctx:
          start: Start
          end: End
    - Set:
        Setf:
          - - 0
            - true
          - parent_span:
              start: Start
              end: End
            field_span:
              start: Start
              end: End
            assignment_span:
              start: Start
              end: End
            value_span:
              start: Start
              end: End
    - Load:
        data:
          Const: 2
        ctx:
          start: Start
          end: End
    - Store:
        data:
          Reg: 1
        ctx:
          start: Start
          end: End
    - Load:
        data:
          Const: 3
        ctx:
          start: Start
          end: End
    - Set:
        Setf:
          - - 0
            - true
          - parent_span:
              start: Start
              end: End
            field_span:
              start: Start
              end: End
            assignment_span:
              start: Start
              end: End
            value_span:
              start: Start
              end: End
    - Load:
        data:
          Const: 4
        ctx:
          start: Start
          end: End
    - Store:
        data:
          Reg: 1
        ctx:
          start: Start
          end: End
    - Load:
        data:
          Const: 5
        ctx:
          start: Start
          end: End
    - Set:
        Setf:
          - - 0
            - true
          - parent_span:
              start: Start
              end: End
            field_span:
              start: Start
              end: End
            assignment_span:
              start: Start
              end: End
            value_span:
              start: Start
              end: End
    - Load:
        data:
          Reg: 0
        ctx:
          start: Start
          end: End
    - Set:
        Setc:
          - - 0
            - true
          - ident_span:
              start: Start
              end: End
            assignment_span:
              start: Start
              end: End
            value_span:
              start: Start
              end: End
    - Get:
        Getc:
          - 7
          - ident_span:
              start: Start
              end: End
    - Store:
        data:
          Reg: 2
        ctx:
          start: Start
          end: End
    - Load:
        data:
          Const: 6
        ctx:
          start: Start
          end: End
    - Store:
        data:
          Reg: 3
        ctx:
          start: Start
          end: End
    - Load:
        data:
          Const: 8
        ctx:
          start: Start
          end: End
    - Set:
        Setf:
          - - 2
            - true
          - parent_span:
              start: Start
              end: End
            field_span:
              start: Start
              end: End
            assignment_span:
              start: Start
              end: End
            value_span:
              start: Start
              end: End
    - Get:
        Getc:
          - 9
          - ident_span:
              start: Start
              end: End
    - Store:
        data:
          Reg: 4
        ctx:
          start: Start
          end: End
    - Load:
        data:
          Const: 10
        ctx:
          start: Start
          end: End
    - Store:
        data:
          Reg: 5
        ctx:
          start: Start
          end: End
    - Load:
        data:
          Const: 11
        ctx:
          start: Start
          end: End
    - Set:
        Setf:
          - - 4
            - true
          - parent_span:
              start: Start
              end: End
            field_span:
              start: Start
              end: End
            assignment_span:
              start: Start
              end: End
            value_span:
              start: Start
              end: End
    - Misc:
        data: This
        ctx:
          start: Start
          end: End
    - Store:
        data:
          Reg: 7
        ctx:
          start: Start
          end: End
    - Get:
        Getc:
          - 12
          - ident_span:
              start: Start
              end: End
    - Store:
        data:
          Reg: 6
        ctx:
          start: Start
          end: End
    - Load:
        data:
          Const: 13
        ctx:
          start: Start
          end: End
    - Store:
        data:
          Reg: 8
        ctx:
          start: Start
          end: End
    - Load:
        data:
          Reg: 6
        ctx:
          start: Start
          end: End
    - Call:
        data:
          reg: 7
          n_args: 1
        ctx:
          fn_span:
            start: Start
            end: End
          call_span:
            start: Start
            end: End
          args:
            - start: Start
              end: End
    - Store:
        data:
          Local: 1
        ctx:
          start: Start
          end: End
    - Misc:
        data: Root
        ctx:
          start: Start
          end: End
    - Store:
        data:
          Reg: 10
        ctx:
          start: Start
          end: End
    - Get:
        Getfc:
          - 14
          - parent_span:
              start: Start
              end: End
            field_span:
              start: Start
              end: End
    - Store:
        data:
          Reg: 9
        ctx:
          start: Start
          end: End
    - Load:
        data:
          Local: 1
        ctx:
          start: Start
          end: End
    - Get:
        Getfc:
          - 15
          - parent_span:
              start: Start
              end: End
            field_span:
              start: Start
              end: End
    - Store:
        data:
          Reg: 12
        ctx:
          start: Start
          end: End
    - Load:
        data:
          Const: 16
        ctx:
          start: Start
          end: End
    - Arith:
        data:
          op: Add
          reg: 12
        ctx:
          lhs_span:
            start: Start
            end: End
          op_span:
            start: Start
            end: End
          rhs_span:
            start: Start
            end: End
    - Store:
        data:
          Reg: 11
        ctx:
          start: Start
          end: End
    - Load:
        data:
          Reg: 9
        ctx:
          start: Start
          end: End
    - Call:
        data:
          reg: 10
          n_args: 1
        ctx:
          fn_span:
            start: Start
            end: End
          call_span:
            start: Start
            end: End
          args:
            - start: Start
              end: End
    - Misc:
        data: Root
        ctx:
          start: Start
          end: End
    - Store:
        data:
          Reg: 14
        ctx:
          start: Start
          end: End
    - Get:
        Getfc:
          - 17
          - parent_span:
              start: Start
              end: End
            field_span:
              start: Start
              end: End
    - Store:
        data:
          Reg: 13
        ctx:
          start: Start
          end: End
    - Load:
        data:
          Local: 1
        ctx:
          start: Start
          end: End
    - Get:
        Getfc:
          - 18
          - parent_span:
              start: Start
              end: End
            field_span:
              start: Start
              end: End
    - Store:
        data:
          Reg: 16
        ctx:
          start: Start
          end: End
    - Load:
        data:
          Const: 19
        ctx:
          start: Start
          end: End
    - Arith:
        data:
          op: Add
          reg: 16
        ctx:
          lhs_span:
            start: Start
            end: End
          op_span:
            start: Start
            end: End
          rhs_span:
            start: Start
            end: End
    - Store:
        data:
          Reg: 15
        ctx:
          start: Start
          end: End
    - Load:
        data:
          Reg: 13
        ctx:
          start: Start
          end: End
    - Call:
        data:
          reg: 14
          n_args: 1
        ctx:
          fn_span:
            start: Start
            end: End
          call_span:
            start: Start
            end: End
          args:
            - start: Start
              end: End
    - Misc:
        data: Root
        ctx:
          start: Start
          end: End
    - Store:
        data:
          Reg: 18
        ctx:
          start: Start
          end: End
    - Get:
        Getfc:
          - 20
          - parent_span:
              start: Start
              end: End
            field_span:
              start: Start
              end: End
    - Store:
        data:
          Reg: 17
        ctx:
          start: Start
          end: End
    - Load:
        data:
          Local: 1
        ctx:
          start: Start
          end: End
    - Get:
        Getfc:
          - 21
          - parent_span:
              start: Start
              end: End
            field_span:
              start: Start
              end: End
    - Store:
        data:
          Reg: 20
        ctx:
          start: Start
          end: End
    - Load:
        data:
          Const: 22
        ctx:
          start: Start
          end: End
    - Arith:
        data:
          op: Add
          reg: 20
        ctx:
          lhs_span:
            start: Start
            end: End
          op_span:
            start: Start
            end: End
          rhs_span:
            start: Start
            end: End
    - Store:
        data:
          Reg: 19
        ctx:
          start: Start
          end: End
    - Load:
        data:
          Reg: 17
        ctx:
          start: Start
          end: End
    - Call:
        data:
          reg: 18
          n_args: 1
        ctx:
          fn_span:
            start: Start
            end: End
          call_span:
            start: Start
            end: End
          args:
            - start: Start
              end: End
    - Misc:
        data: Root
        ctx:
          start: Start
          end: End
    - Store:
        data:
          Reg: 22
        ctx:
          start: Start
          end: End
    - Get:
        Getfc:
          - 23
          - parent_span:
              start: Start
              end: End
            field_span:
              start: Start
              end: End
    - Store:
        data:
          Reg: 21
        ctx:
          start: Start
          end: End
    - Load:
        data:
          Local: 1
        ctx:
          start: Start
          end: End
    - Get:
        Getfc:
          - 24
          - parent_span:
              start: Start
              end: End
            field_span:
              start: Start
              end: End
    - Store:
        data:
          Reg: 24
        ctx:
          start: Start
          end: End
    - Load:
        data:
          Const: 25
        ctx:
          start: Start
          end: End
    - Arith:
        data:
          op: Add
          reg: 24
        ctx:
          lhs_span:
            start: Start
            end: End
          op_span:
            start: Start
            end: End
          rhs_span:
            start: Start
            end: End
    - Store:
        data:
          Reg: 23
        ctx:
          start: Start
          end: End
    - Load:
        data:
          Reg: 21
        ctx:
          start: Start
          end: End
    - Call:
        data:
          reg: 22
          n_args: 1
        ctx:
          fn_span:
            start: Start
            end: End
          call_span:
            start: Start
            end: End
          args:
            - start: Start
              end: End
    - Misc:
        data: Root
        ctx:
          start: Start
          end: End
    - Store:
        data:
          Reg: 26
        ctx:
          start: Start
          end: End
    - Get:
        Getfc:
          - 26
          - parent_span:
              start: Start
              end: End
            field_span:
              start: Start
              end: End
    - Store:
        data:
          Reg: 25
        ctx:
          start: Start
          end: End
    - Load:
        data:
          Local: 1
        ctx:
          start: Start
          end: End
    - Store:
        data:
          Reg: 29
        ctx:
          start: Start
          end: End
    - Load:
        data:
          Const: 27
        ctx:
          start: Start
          end: End
    - Get:
        Getf:
          - 29
          - parent_span:
              start: Start
              end: End
            field_span:
              start: Start
              end: End
    - Store:
        data:
          Reg: 28
        ctx:
          start: Start
          end: End
    - Load:
        data:
          Const: 28
        ctx:
          start: Start
          end: End
    - Arith:
        data:
          op: Add
          reg: 28
        ctx:
          lhs_span:
            start: Start
            end: End
          op_span:
            start: Start
            end: End
          rhs_span:
            start: Start
            end: End
    - Store:
        data:
          Reg: 27
        ctx:
          start: Start
          end: End
    - Load:
        data:
          Reg: 25
        ctx:
          start: Start
          end: End
    - Call:
        data:
          reg: 26
          n_args: 1
        ctx:
          fn_span:
            start: Start
            end: End
          call_span:
            start: Start
            end: End
          args:
            - start: Start
              end: End
    - Misc:
        data: Root
        ctx:
          start: Start
          end: End
    - Store:
        data:
          Reg: 31
        ctx:
          start: Start
          end: End
    - Get:
        Getfc:
          - 29
          - parent_span:
              start: Start
              end: End
            field_span:
              start: Start
              end: End
    - Store:
        data:
          Reg: 30
        ctx:
          start: Start
          end: End
    - Get:
        Getc:
          - 31
          - ident_span:
              start: Start
              end: End
    - Get:
        Getfc:
          - 30
          - parent_span:
              start: Start
              end: End
            field_span:
              start: Start
              end: End
    - Store:
        data:
          Reg: 33
        ctx:
          start: Start
          end: End
    - Load:
        data:
          Const: 32
        ctx:
          start: Start
          end: End
    - Arith:
        data:
          op: Add
          reg: 33
        ctx:
          lhs_span:
            start: Start
            end: End
          op_span:
            start: Start
            end: End
          rhs_span:
            start: Start
            end: End
    - Store:
        data:
          Reg: 32
        ctx:
          start: Start
          end: End
    - Load:
        data:
          Reg: 30
        ctx:
          start: Start
          end: End
    - Call:
        data:
          reg: 31
          n_args: 1
        ctx:
          fn_span:
            start: Start
            end: End
          call_span:
            start: Start
            end: End
          args:
            - start: Start
              end: End
    - Misc:
        data: Root
        ctx:
          start: Start
          end: End
    - Store:
        data:
          Reg: 35
        ctx:
          start: Start
          end: End
    - Get:
        Getfc:
          - 33
          - parent_span:
              start: Start
              end: End
            field_span:
              start: Start
              end: End
    - Store:
        data:
          Reg: 34
        ctx:
          start: Start
          end: End
    - Get:
        Getc:
          - 35
          - ident_span:
              start: Start
              end: End
    - Get:
        Getfc:
          - 34
          - parent_span:
              start: Start
              end: End
            field_span:
              start: Start
              end: End
    - Store:
        data:
          Reg: 37
        ctx:
          start: Start
          end: End
    - Load:
        data:
          Const: 36
        ctx:
          start: Start
          end: End
    - Arith:
        data:
          op: Add
          reg: 37
        ctx:
          lhs_span:
            start: Start
            end: End
          op_span:
            start: Start
            end: End
          rhs_span:
            start: Start
            end: End
    - Store:
        data:
          Reg: 36
        ctx:
          start: Start
          end: End
    - Load:
        data:
          Reg: 34
        ctx:
          start: Start
          end: End
    - Call:
        data:
          reg: 35
          n_args: 1
        ctx:
          fn_span:
            start: Start
            end: End
          call_span:
            start: Start
            end: End
          args:
            - start: Start
              end: End
    - Misc:
        data: Root
        ctx:
          start: Start
          end: End
    - Store:
        data:
          Reg: 39
        ctx:
          start: Start
          end: End
    - Get:
        Getfc:
          - 37
          - parent_span:
              start: Start
              end: End
            field_span:
              start: Start
              end: End
    - Store:
        data:
          Reg: 38
        ctx:
          start: Start
          end: End
    - Get:
        Getc:
          - 38
          - ident_span:
              start: Start
              end: End
    - Store:
        data:
          Reg: 42
        ctx:
          start: Start
          end: End
    - Load:
        data:
          Const: 39
        ctx:
          start: Start
          end: End
    - Get:
        Getf:
          - 42
          - parent_span:
              start: Start
              end: End
            field_span:
              start: Start
              end: End
    - Store:
        data:
          Reg: 41
        ctx:
          start: Start
          end: End
    - Load:
        data:
          Const: 40
        ctx:
          start: Start
          end: End
    - Arith:
        data:
          op: Add
          reg: 41
        ctx:
          lhs_span:
            start: Start
            end: End
          op_span:
            start: Start
            end: End
          rhs_span:
            start: Start
            end: End
    - Store:
        data:
          Reg: 40
        ctx:
          start: Start
          end: End
    - Load:
        data:
          Reg: 38
        ctx:
          start: Start
          end: End
    - Call:
        data:
          reg: 39
          n_args: 1
        ctx:
          fn_span:
            start: Start
            end: End
          call_span:
            start: Start
            end: End
          args:
            - start: Start
              end: End
    - Ret:
        data: Void
        ctx:
          start: Start
          end: End
  block_offsets:
    - 0
  constants:
    - String: MyClass
    - String: constructor
    - String: n
    - Integer: 0
    - String: test
    - "Null"
    - String: test2
    - String: MyClass
    - String: test2
    - String: MyClass
    - Integer: 10
    - Integer: 10
    - String: MyClass
    - Integer: 1
    - String: print
    - String: n
    - String: "\n"
    - String: print
    - String: test
    - String: "\n"
    - String: print
    - String: test
    - String: "\n"
    - String: print
    - String: test2
    - String: "\n"
    - String: print
    - Integer: 10
    - String: "\n"
    - String: print
    - String: n
    - String: MyClass
    - String: "\n"
    - String: print
    - String: test2
    - String: MyClass
    - String: "\n"
    - String: print
    - String: MyClass
    - Integer: 10
    - String: "\n"
  is_varargs: true
  num_regs: 43
  num_params: 0
  locals:
    - - vargv
      - 0
    - - one
      - 1
  num_locals: 2
