---
source: squirrel_lang/src/vm/compiler.rs
expression: actual_code
---
- code:
    - Load:
        data:
          Const: 0
        ctx:
          start: Start
          end: End
    - Store:
        data:
          Local: 1
        ctx:
          start: Start
          end: End
    - Load:
        data:
          Const: 1
        ctx:
          start: Start
          end: End
    - Store:
        data:
          Local: 2
        ctx:
          start: Start
          end: End
    - Load:
        data:
          Const: 2
        ctx:
          start: Start
          end: End
    - Store:
        data:
          Local: 3
        ctx:
          start: Start
          end: End
    - Load:
        data:
          Const: 3
        ctx:
          start: Start
          end: End
    - Store:
        data:
          Local: 4
        ctx:
          start: Start
          end: End
    - Load:
        data:
          Const: 4
        ctx:
          start: Start
          end: End
    - Store:
        data:
          Local: 5
        ctx:
          start: Start
          end: End
    - Load:
        data:
          Const: 5
        ctx:
          start: Start
          end: End
    - Store:
        data:
          Local: 6
        ctx:
          start: Start
          end: End
    - Load:
        data:
          Const: 6
        ctx:
          start: Start
          end: End
    - Store:
        data:
          Local: 7
        ctx:
          start: Start
          end: End
    - Load:
        data:
          Const: 7
        ctx:
          start: Start
          end: End
    - Store:
        data:
          Local: 8
        ctx:
          start: Start
          end: End
    - Load:
        data:
          Const: 8
        ctx:
          start: Start
          end: End
    - Store:
        data:
          Local: 9
        ctx:
          start: Start
          end: End
    - Load:
        data:
          Const: 9
        ctx:
          start: Start
          end: End
    - Store:
        data:
          Local: 10
        ctx:
          start: Start
          end: End
    - Load:
        data:
          Const: 10
        ctx:
          start: Start
          end: End
    - Store:
        data:
          Local: 11
        ctx:
          start: Start
          end: End
    - Load:
        data:
          Const: 11
        ctx:
          start: Start
          end: End
    - Store:
        data:
          Local: 12
        ctx:
          start: Start
          end: End
    - Load:
        data:
          Const: 12
        ctx:
          start: Start
          end: End
    - Store:
        data:
          Local: 13
        ctx:
          start: Start
          end: End
    - Load:
        data:
          Const: 13
        ctx:
          start: Start
          end: End
    - Store:
        data:
          Local: 14
        ctx:
          start: Start
          end: End
    - Misc:
        data: Root
        ctx:
          start: Start
          end: End
    - Store:
        data:
          Reg: 1
        ctx:
          start: Start
          end: End
    - Get:
        Getfc:
          - 14
          - parent_span:
              start: Start
              end: End
            field_span:
              start: Start
              end: End
    - Store:
        data:
          Reg: 0
        ctx:
          start: Start
          end: End
    - Load:
        data:
          Local: 1
        ctx:
          start: Start
          end: End
    - Store:
        data:
          Reg: 3
        ctx:
          start: Start
          end: End
    - Load:
        data:
          Const: 15
        ctx:
          start: Start
          end: End
    - Arith:
        data:
          op: Add
          reg: 3
        ctx:
          lhs_span:
            start: Start
            end: End
          op_span:
            start: Start
            end: End
          rhs_span:
            start: Start
            end: End
    - Store:
        data:
          Reg: 2
        ctx:
          start: Start
          end: End
    - Load:
        data:
          Reg: 0
        ctx:
          start: Start
          end: End
    - Call:
        data:
          reg: 1
          n_args: 1
        ctx:
          fn_span:
            start: Start
            end: End
          call_span:
            start: Start
            end: End
          args:
            - start: Start
              end: End
    - Misc:
        data: This
        ctx:
          start: Start
          end: End
    - Store:
        data:
          Reg: 5
        ctx:
          start: Start
          end: End
    - Get:
        Getc:
          - 16
          - ident_span:
              start: Start
              end: End
    - Store:
        data:
          Reg: 4
        ctx:
          start: Start
          end: End
    - Load:
        data:
          Local: 2
        ctx:
          start: Start
          end: End
    - Store:
        data:
          Reg: 8
        ctx:
          start: Start
          end: End
    - Load:
        data:
          Const: 17
        ctx:
          start: Start
          end: End
    - Get:
        Getf:
          - 8
          - parent_span:
              start: Start
              end: End
            field_span:
              start: Start
              end: End
    - Store:
        data:
          Reg: 7
        ctx:
          start: Start
          end: End
    - Load:
        data:
          Const: 18
        ctx:
          start: Start
          end: End
    - Arith:
        data:
          op: Add
          reg: 7
        ctx:
          lhs_span:
            start: Start
            end: End
          op_span:
            start: Start
            end: End
          rhs_span:
            start: Start
            end: End
    - Store:
        data:
          Reg: 6
        ctx:
          start: Start
          end: End
    - Load:
        data:
          Reg: 4
        ctx:
          start: Start
          end: End
    - Call:
        data:
          reg: 5
          n_args: 1
        ctx:
          fn_span:
            start: Start
            end: End
          call_span:
            start: Start
            end: End
          args:
            - start: Start
              end: End
    - Misc:
        data: This
        ctx:
          start: Start
          end: End
    - Store:
        data:
          Reg: 10
        ctx:
          start: Start
          end: End
    - Get:
        Getc:
          - 19
          - ident_span:
              start: Start
              end: End
    - Store:
        data:
          Reg: 9
        ctx:
          start: Start
          end: End
    - Load:
        data:
          Local: 3
        ctx:
          start: Start
          end: End
    - Store:
        data:
          Reg: 13
        ctx:
          start: Start
          end: End
    - Load:
        data:
          Const: 20
        ctx:
          start: Start
          end: End
    - Get:
        Getf:
          - 13
          - parent_span:
              start: Start
              end: End
            field_span:
              start: Start
              end: End
    - Store:
        data:
          Reg: 12
        ctx:
          start: Start
          end: End
    - Load:
        data:
          Const: 21
        ctx:
          start: Start
          end: End
    - Arith:
        data:
          op: Add
          reg: 12
        ctx:
          lhs_span:
            start: Start
            end: End
          op_span:
            start: Start
            end: End
          rhs_span:
            start: Start
            end: End
    - Store:
        data:
          Reg: 11
        ctx:
          start: Start
          end: End
    - Load:
        data:
          Reg: 9
        ctx:
          start: Start
          end: End
    - Call:
        data:
          reg: 10
          n_args: 1
        ctx:
          fn_span:
            start: Start
            end: End
          call_span:
            start: Start
            end: End
          args:
            - start: Start
              end: End
    - Misc:
        data: This
        ctx:
          start: Start
          end: End
    - Store:
        data:
          Reg: 15
        ctx:
          start: Start
          end: End
    - Get:
        Getc:
          - 22
          - ident_span:
              start: Start
              end: End
    - Store:
        data:
          Reg: 14
        ctx:
          start: Start
          end: End
    - Load:
        data:
          Local: 4
        ctx:
          start: Start
          end: End
    - Store:
        data:
          Reg: 17
        ctx:
          start: Start
          end: End
    - Load:
        data:
          Const: 23
        ctx:
          start: Start
          end: End
    - Arith:
        data:
          op: Add
          reg: 17
        ctx:
          lhs_span:
            start: Start
            end: End
          op_span:
            start: Start
            end: End
          rhs_span:
            start: Start
            end: End
    - Store:
        data:
          Reg: 16
        ctx:
          start: Start
          end: End
    - Load:
        data:
          Reg: 14
        ctx:
          start: Start
          end: End
    - Call:
        data:
          reg: 15
          n_args: 1
        ctx:
          fn_span:
            start: Start
            end: End
          call_span:
            start: Start
            end: End
          args:
            - start: Start
              end: End
    - Misc:
        data: This
        ctx:
          start: Start
          end: End
    - Store:
        data:
          Reg: 19
        ctx:
          start: Start
          end: End
    - Get:
        Getc:
          - 24
          - ident_span:
              start: Start
              end: End
    - Store:
        data:
          Reg: 18
        ctx:
          start: Start
          end: End
    - Load:
        data:
          Local: 5
        ctx:
          start: Start
          end: End
    - Store:
        data:
          Reg: 21
        ctx:
          start: Start
          end: End
    - Load:
        data:
          Const: 25
        ctx:
          start: Start
          end: End
    - Arith:
        data:
          op: Add
          reg: 21
        ctx:
          lhs_span:
            start: Start
            end: End
          op_span:
            start: Start
            end: End
          rhs_span:
            start: Start
            end: End
    - Store:
        data:
          Reg: 20
        ctx:
          start: Start
          end: End
    - Load:
        data:
          Reg: 18
        ctx:
          start: Start
          end: End
    - Call:
        data:
          reg: 19
          n_args: 1
        ctx:
          fn_span:
            start: Start
            end: End
          call_span:
            start: Start
            end: End
          args:
            - start: Start
              end: End
    - Misc:
        data: This
        ctx:
          start: Start
          end: End
    - Store:
        data:
          Reg: 23
        ctx:
          start: Start
          end: End
    - Get:
        Getc:
          - 26
          - ident_span:
              start: Start
              end: End
    - Store:
        data:
          Reg: 22
        ctx:
          start: Start
          end: End
    - Load:
        data:
          Local: 6
        ctx:
          start: Start
          end: End
    - Store:
        data:
          Reg: 26
        ctx:
          start: Start
          end: End
    - Load:
        data:
          Const: 27
        ctx:
          start: Start
          end: End
    - Get:
        Getf:
          - 26
          - parent_span:
              start: Start
              end: End
            field_span:
              start: Start
              end: End
    - Store:
        data:
          Reg: 25
        ctx:
          start: Start
          end: End
    - Load:
        data:
          Const: 28
        ctx:
          start: Start
          end: End
    - Arith:
        data:
          op: Add
          reg: 25
        ctx:
          lhs_span:
            start: Start
            end: End
          op_span:
            start: Start
            end: End
          rhs_span:
            start: Start
            end: End
    - Store:
        data:
          Reg: 24
        ctx:
          start: Start
          end: End
    - Load:
        data:
          Reg: 22
        ctx:
          start: Start
          end: End
    - Call:
        data:
          reg: 23
          n_args: 1
        ctx:
          fn_span:
            start: Start
            end: End
          call_span:
            start: Start
            end: End
          args:
            - start: Start
              end: End
    - Misc:
        data: This
        ctx:
          start: Start
          end: End
    - Store:
        data:
          Reg: 28
        ctx:
          start: Start
          end: End
    - Get:
        Getc:
          - 29
          - ident_span:
              start: Start
              end: End
    - Store:
        data:
          Reg: 27
        ctx:
          start: Start
          end: End
    - Load:
        data:
          Local: 7
        ctx:
          start: Start
          end: End
    - Store:
        data:
          Reg: 31
        ctx:
          start: Start
          end: End
    - Load:
        data:
          Const: 30
        ctx:
          start: Start
          end: End
    - Get:
        Getf:
          - 31
          - parent_span:
              start: Start
              end: End
            field_span:
              start: Start
              end: End
    - Store:
        data:
          Reg: 30
        ctx:
          start: Start
          end: End
    - Load:
        data:
          Const: 31
        ctx:
          start: Start
          end: End
    - Arith:
        data:
          op: Add
          reg: 30
        ctx:
          lhs_span:
            start: Start
            end: End
          op_span:
            start: Start
            end: End
          rhs_span:
            start: Start
            end: End
    - Store:
        data:
          Reg: 29
        ctx:
          start: Start
          end: End
    - Load:
        data:
          Reg: 27
        ctx:
          start: Start
          end: End
    - Call:
        data:
          reg: 28
          n_args: 1
        ctx:
          fn_span:
            start: Start
            end: End
          call_span:
            start: Start
            end: End
          args:
            - start: Start
              end: End
    - Misc:
        data: This
        ctx:
          start: Start
          end: End
    - Store:
        data:
          Reg: 33
        ctx:
          start: Start
          end: End
    - Get:
        Getc:
          - 32
          - ident_span:
              start: Start
              end: End
    - Store:
        data:
          Reg: 32
        ctx:
          start: Start
          end: End
    - Load:
        data:
          Local: 8
        ctx:
          start: Start
          end: End
    - Store:
        data:
          Reg: 36
        ctx:
          start: Start
          end: End
    - Load:
        data:
          Const: 33
        ctx:
          start: Start
          end: End
    - Get:
        Getf:
          - 36
          - parent_span:
              start: Start
              end: End
            field_span:
              start: Start
              end: End
    - Store:
        data:
          Reg: 35
        ctx:
          start: Start
          end: End
    - Load:
        data:
          Const: 34
        ctx:
          start: Start
          end: End
    - Arith:
        data:
          op: Add
          reg: 35
        ctx:
          lhs_span:
            start: Start
            end: End
          op_span:
            start: Start
            end: End
          rhs_span:
            start: Start
            end: End
    - Store:
        data:
          Reg: 34
        ctx:
          start: Start
          end: End
    - Load:
        data:
          Reg: 32
        ctx:
          start: Start
          end: End
    - Call:
        data:
          reg: 33
          n_args: 1
        ctx:
          fn_span:
            start: Start
            end: End
          call_span:
            start: Start
            end: End
          args:
            - start: Start
              end: End
    - Misc:
        data: This
        ctx:
          start: Start
          end: End
    - Store:
        data:
          Reg: 38
        ctx:
          start: Start
          end: End
    - Get:
        Getc:
          - 35
          - ident_span:
              start: Start
              end: End
    - Store:
        data:
          Reg: 37
        ctx:
          start: Start
          end: End
    - Load:
        data:
          Local: 9
        ctx:
          start: Start
          end: End
    - Store:
        data:
          Reg: 40
        ctx:
          start: Start
          end: End
    - Load:
        data:
          Const: 36
        ctx:
          start: Start
          end: End
    - Arith:
        data:
          op: Add
          reg: 40
        ctx:
          lhs_span:
            start: Start
            end: End
          op_span:
            start: Start
            end: End
          rhs_span:
            start: Start
            end: End
    - Store:
        data:
          Reg: 39
        ctx:
          start: Start
          end: End
    - Load:
        data:
          Reg: 37
        ctx:
          start: Start
          end: End
    - Call:
        data:
          reg: 38
          n_args: 1
        ctx:
          fn_span:
            start: Start
            end: End
          call_span:
            start: Start
            end: End
          args:
            - start: Start
              end: End
    - Misc:
        data: This
        ctx:
          start: Start
          end: End
    - Store:
        data:
          Reg: 42
        ctx:
          start: Start
          end: End
    - Get:
        Getc:
          - 37
          - ident_span:
              start: Start
              end: End
    - Store:
        data:
          Reg: 41
        ctx:
          start: Start
          end: End
    - Load:
        data:
          Local: 10
        ctx:
          start: Start
          end: End
    - Store:
        data:
          Reg: 44
        ctx:
          start: Start
          end: End
    - Load:
        data:
          Const: 38
        ctx:
          start: Start
          end: End
    - Arith:
        data:
          op: Add
          reg: 44
        ctx:
          lhs_span:
            start: Start
            end: End
          op_span:
            start: Start
            end: End
          rhs_span:
            start: Start
            end: End
    - Store:
        data:
          Reg: 43
        ctx:
          start: Start
          end: End
    - Load:
        data:
          Reg: 41
        ctx:
          start: Start
          end: End
    - Call:
        data:
          reg: 42
          n_args: 1
        ctx:
          fn_span:
            start: Start
            end: End
          call_span:
            start: Start
            end: End
          args:
            - start: Start
              end: End
    - Misc:
        data: This
        ctx:
          start: Start
          end: End
    - Store:
        data:
          Reg: 46
        ctx:
          start: Start
          end: End
    - Get:
        Getc:
          - 39
          - ident_span:
              start: Start
              end: End
    - Store:
        data:
          Reg: 45
        ctx:
          start: Start
          end: End
    - Load:
        data:
          Local: 11
        ctx:
          start: Start
          end: End
    - Store:
        data:
          Reg: 49
        ctx:
          start: Start
          end: End
    - Load:
        data:
          Const: 40
        ctx:
          start: Start
          end: End
    - Get:
        Getf:
          - 49
          - parent_span:
              start: Start
              end: End
            field_span:
              start: Start
              end: End
    - Store:
        data:
          Reg: 48
        ctx:
          start: Start
          end: End
    - Load:
        data:
          Const: 41
        ctx:
          start: Start
          end: End
    - Arith:
        data:
          op: Add
          reg: 48
        ctx:
          lhs_span:
            start: Start
            end: End
          op_span:
            start: Start
            end: End
          rhs_span:
            start: Start
            end: End
    - Store:
        data:
          Reg: 47
        ctx:
          start: Start
          end: End
    - Load:
        data:
          Reg: 45
        ctx:
          start: Start
          end: End
    - Call:
        data:
          reg: 46
          n_args: 1
        ctx:
          fn_span:
            start: Start
            end: End
          call_span:
            start: Start
            end: End
          args:
            - start: Start
              end: End
    - Misc:
        data: This
        ctx:
          start: Start
          end: End
    - Store:
        data:
          Reg: 51
        ctx:
          start: Start
          end: End
    - Get:
        Getc:
          - 42
          - ident_span:
              start: Start
              end: End
    - Store:
        data:
          Reg: 50
        ctx:
          start: Start
          end: End
    - Load:
        data:
          Local: 12
        ctx:
          start: Start
          end: End
    - Store:
        data:
          Reg: 54
        ctx:
          start: Start
          end: End
    - Load:
        data:
          Const: 43
        ctx:
          start: Start
          end: End
    - Get:
        Getf:
          - 54
          - parent_span:
              start: Start
              end: End
            field_span:
              start: Start
              end: End
    - Store:
        data:
          Reg: 53
        ctx:
          start: Start
          end: End
    - Load:
        data:
          Const: 44
        ctx:
          start: Start
          end: End
    - Arith:
        data:
          op: Add
          reg: 53
        ctx:
          lhs_span:
            start: Start
            end: End
          op_span:
            start: Start
            end: End
          rhs_span:
            start: Start
            end: End
    - Store:
        data:
          Reg: 52
        ctx:
          start: Start
          end: End
    - Load:
        data:
          Reg: 50
        ctx:
          start: Start
          end: End
    - Call:
        data:
          reg: 51
          n_args: 1
        ctx:
          fn_span:
            start: Start
            end: End
          call_span:
            start: Start
            end: End
          args:
            - start: Start
              end: End
    - Misc:
        data: This
        ctx:
          start: Start
          end: End
    - Store:
        data:
          Reg: 56
        ctx:
          start: Start
          end: End
    - Get:
        Getc:
          - 45
          - ident_span:
              start: Start
              end: End
    - Store:
        data:
          Reg: 55
        ctx:
          start: Start
          end: End
    - Load:
        data:
          Local: 13
        ctx:
          start: Start
          end: End
    - Store:
        data:
          Reg: 59
        ctx:
          start: Start
          end: End
    - Load:
        data:
          Const: 46
        ctx:
          start: Start
          end: End
    - Get:
        Getf:
          - 59
          - parent_span:
              start: Start
              end: End
            field_span:
              start: Start
              end: End
    - Store:
        data:
          Reg: 58
        ctx:
          start: Start
          end: End
    - Load:
        data:
          Const: 47
        ctx:
          start: Start
          end: End
    - Arith:
        data:
          op: Add
          reg: 58
        ctx:
          lhs_span:
            start: Start
            end: End
          op_span:
            start: Start
            end: End
          rhs_span:
            start: Start
            end: End
    - Store:
        data:
          Reg: 57
        ctx:
          start: Start
          end: End
    - Load:
        data:
          Reg: 55
        ctx:
          start: Start
          end: End
    - Call:
        data:
          reg: 56
          n_args: 1
        ctx:
          fn_span:
            start: Start
            end: End
          call_span:
            start: Start
            end: End
          args:
            - start: Start
              end: End
    - Misc:
        data: This
        ctx:
          start: Start
          end: End
    - Store:
        data:
          Reg: 61
        ctx:
          start: Start
          end: End
    - Get:
        Getc:
          - 48
          - ident_span:
              start: Start
              end: End
    - Store:
        data:
          Reg: 60
        ctx:
          start: Start
          end: End
    - Load:
        data:
          Local: 14
        ctx:
          start: Start
          end: End
    - Store:
        data:
          Reg: 64
        ctx:
          start: Start
          end: End
    - Load:
        data:
          Const: 49
        ctx:
          start: Start
          end: End
    - Get:
        Getf:
          - 64
          - parent_span:
              start: Start
              end: End
            field_span:
              start: Start
              end: End
    - Store:
        data:
          Reg: 63
        ctx:
          start: Start
          end: End
    - Load:
        data:
          Const: 50
        ctx:
          start: Start
          end: End
    - Arith:
        data:
          op: Add
          reg: 63
        ctx:
          lhs_span:
            start: Start
            end: End
          op_span:
            start: Start
            end: End
          rhs_span:
            start: Start
            end: End
    - Store:
        data:
          Reg: 62
        ctx:
          start: Start
          end: End
    - Load:
        data:
          Reg: 60
        ctx:
          start: Start
          end: End
    - Call:
        data:
          reg: 61
          n_args: 1
        ctx:
          fn_span:
            start: Start
            end: End
          call_span:
            start: Start
            end: End
          args:
            - start: Start
              end: End
    - Load:
        data:
          Const: 51
        ctx:
          start: Start
          end: End
    - Store:
        data:
          Local: 15
        ctx:
          start: Start
          end: End
    - Load:
        data:
          Const: 52
        ctx:
          start: Start
          end: End
    - Store:
        data:
          Local: 16
        ctx:
          start: Start
          end: End
    - Load:
        data:
          Const: 53
        ctx:
          start: Start
          end: End
    - Store:
        data:
          Local: 17
        ctx:
          start: Start
          end: End
    - Misc:
        data: Root
        ctx:
          start: Start
          end: End
    - Store:
        data:
          Reg: 66
        ctx:
          start: Start
          end: End
    - Get:
        Getfc:
          - 54
          - parent_span:
              start: Start
              end: End
            field_span:
              start: Start
              end: End
    - Store:
        data:
          Reg: 65
        ctx:
          start: Start
          end: End
    - Load:
        data:
          Local: 15
        ctx:
          start: Start
          end: End
    - Store:
        data:
          Reg: 68
        ctx:
          start: Start
          end: End
    - Load:
        data:
          Const: 55
        ctx:
          start: Start
          end: End
    - Arith:
        data:
          op: Add
          reg: 68
        ctx:
          lhs_span:
            start: Start
            end: End
          op_span:
            start: Start
            end: End
          rhs_span:
            start: Start
            end: End
    - Store:
        data:
          Reg: 67
        ctx:
          start: Start
          end: End
    - Load:
        data:
          Reg: 65
        ctx:
          start: Start
          end: End
    - Call:
        data:
          reg: 66
          n_args: 1
        ctx:
          fn_span:
            start: Start
            end: End
          call_span:
            start: Start
            end: End
          args:
            - start: Start
              end: End
    - Misc:
        data: Root
        ctx:
          start: Start
          end: End
    - Store:
        data:
          Reg: 70
        ctx:
          start: Start
          end: End
    - Get:
        Getfc:
          - 56
          - parent_span:
              start: Start
              end: End
            field_span:
              start: Start
              end: End
    - Store:
        data:
          Reg: 69
        ctx:
          start: Start
          end: End
    - Load:
        data:
          Local: 16
        ctx:
          start: Start
          end: End
    - Store:
        data:
          Reg: 72
        ctx:
          start: Start
          end: End
    - Load:
        data:
          Const: 57
        ctx:
          start: Start
          end: End
    - Arith:
        data:
          op: Add
          reg: 72
        ctx:
          lhs_span:
            start: Start
            end: End
          op_span:
            start: Start
            end: End
          rhs_span:
            start: Start
            end: End
    - Store:
        data:
          Reg: 71
        ctx:
          start: Start
          end: End
    - Load:
        data:
          Reg: 69
        ctx:
          start: Start
          end: End
    - Call:
        data:
          reg: 70
          n_args: 1
        ctx:
          fn_span:
            start: Start
            end: End
          call_span:
            start: Start
            end: End
          args:
            - start: Start
              end: End
    - Misc:
        data: Root
        ctx:
          start: Start
          end: End
    - Store:
        data:
          Reg: 74
        ctx:
          start: Start
          end: End
    - Get:
        Getfc:
          - 58
          - parent_span:
              start: Start
              end: End
            field_span:
              start: Start
              end: End
    - Store:
        data:
          Reg: 73
        ctx:
          start: Start
          end: End
    - Load:
        data:
          Local: 17
        ctx:
          start: Start
          end: End
    - Store:
        data:
          Reg: 76
        ctx:
          start: Start
          end: End
    - Load:
        data:
          Const: 59
        ctx:
          start: Start
          end: End
    - Arith:
        data:
          op: Add
          reg: 76
        ctx:
          lhs_span:
            start: Start
            end: End
          op_span:
            start: Start
            end: End
          rhs_span:
            start: Start
            end: End
    - Store:
        data:
          Reg: 75
        ctx:
          start: Start
          end: End
    - Load:
        data:
          Reg: 73
        ctx:
          start: Start
          end: End
    - Call:
        data:
          reg: 74
          n_args: 1
        ctx:
          fn_span:
            start: Start
            end: End
          call_span:
            start: Start
            end: End
          args:
            - start: Start
              end: End
    - Ret:
        data: Void
        ctx:
          start: Start
          end: End
  block_offsets:
    - 0
  constants:
    - String: "\t"
    - String: 
    - String: 
    - String: "\n"
    - String: "\r"
    - String: 
    - String: 
    - String: "\\"
    - String: "\""
    - String: "'"
    - String: "\u0000"
    - String: f
    - String: g
    - String: g
    - String: print
    - String: "\n"
    - String: print
    - Integer: 0
    - String: "\n"
    - String: print
    - Integer: 0
    - String: "\n"
    - String: print
    - String: "\n"
    - String: print
    - String: "\n"
    - String: print
    - Integer: 0
    - String: "\n"
    - String: print
    - Integer: 0
    - String: "\n"
    - String: print
    - Integer: 0
    - String: "\n"
    - String: print
    - String: "\n"
    - String: print
    - String: "\n"
    - String: print
    - Integer: 0
    - String: "\n"
    - String: print
    - Integer: 0
    - String: "\n"
    - String: print
    - Integer: 0
    - String: "\n"
    - String: print
    - Integer: 0
    - String: "\n"
    - String: "I'm a wonderful string\n"
    - String: "I'm a verbatim string\\n"
    - String: "\n    this is a multiline string\n    it will \"embed\" all the new line\n    characters\n"
    - String: print
    - String: "\n"
    - String: print
    - String: "\n"
    - String: print
    - String: "\n"
  is_varargs: true
  num_regs: 77
  num_params: 0
  locals:
    - - vargv
      - 0
    - - tab
      - 1
    - - a
      - 2
    - - b
      - 3
    - - newline
      - 4
    - - carriage
      - 5
    - - v
      - 6
    - - f
      - 7
    - - back
      - 8
    - - quote
      - 9
    - - single
      - 10
    - - zero
      - 11
    - - hexcode
      - 12
    - - unicodes
      - 13
    - - unicodel
      - 14
    - - normal
      - 15
    - - verb
      - 16
    - - multiline
      - 17
  num_locals: 18
