---
source: squirrel_lang/src/vm/compiler.rs
expression: actual_code
---
- code:
    - Misc:
        data: Root
        ctx:
          start: Start
          end: End
    - Store:
        data:
          Reg: 1
        ctx:
          start: Start
          end: End
    - Get:
        Getfc:
          - 0
          - parent_span:
              start: Start
              end: End
            field_span:
              start: Start
              end: End
    - Store:
        data:
          Reg: 0
        ctx:
          start: Start
          end: End
    - Load:
        data:
          Const: 1
        ctx:
          start: Start
          end: End
    - Store:
        data:
          Reg: 2
        ctx:
          start: Start
          end: End
    - Load:
        data:
          Reg: 0
        ctx:
          start: Start
          end: End
    - Call:
        data:
          reg: 1
          n_args: 1
        ctx:
          fn_span:
            start: Start
            end: End
          call_span:
            start: Start
            end: End
          args:
            - start: Start
              end: End
    - Load:
        data:
          PrimType: EmptyTable
        ctx:
          start: Start
          end: End
    - Store:
        data:
          Reg: 3
        ctx:
          start: Start
          end: End
    - Load:
        data:
          Const: 2
        ctx:
          start: Start
          end: End
    - Store:
        data:
          Reg: 4
        ctx:
          start: Start
          end: End
    - Load:
        data:
          FunIdx: 0
        ctx:
          start: Start
          end: End
    - Set:
        Setf:
          - - 3
            - true
          - parent_span:
              start: Start
              end: End
            field_span:
              start: Start
              end: End
            assignment_span:
              start: Start
              end: End
            value_span:
              start: Start
              end: End
    - Load:
        data:
          Reg: 3
        ctx:
          start: Start
          end: End
    - Store:
        data:
          Local: 1
        ctx:
          start: Start
          end: End
    - Load:
        data:
          PrimType: EmptyTable
        ctx:
          start: Start
          end: End
    - Store:
        data:
          Reg: 8
        ctx:
          start: Start
          end: End
    - Load:
        data:
          Const: 3
        ctx:
          start: Start
          end: End
    - Store:
        data:
          Reg: 9
        ctx:
          start: Start
          end: End
    - Load:
        data:
          Const: 4
        ctx:
          start: Start
          end: End
    - Set:
        Setf:
          - - 8
            - true
          - parent_span:
              start: Start
              end: End
            field_span:
              start: Start
              end: End
            assignment_span:
              start: Start
              end: End
            value_span:
              start: Start
              end: End
    - Load:
        data:
          Reg: 8
        ctx:
          start: Start
          end: End
    - Store:
        data:
          Reg: 6
        ctx:
          start: Start
          end: End
    - Get:
        Getfc:
          - 5
          - parent_span:
              start: Start
              end: End
            field_span:
              start: Start
              end: End
    - Store:
        data:
          Reg: 5
        ctx:
          start: Start
          end: End
    - Load:
        data:
          Local: 1
        ctx:
          start: Start
          end: End
    - Store:
        data:
          Reg: 7
        ctx:
          start: Start
          end: End
    - Load:
        data:
          Reg: 5
        ctx:
          start: Start
          end: End
    - Call:
        data:
          reg: 6
          n_args: 1
        ctx:
          fn_span:
            start: Start
            end: End
          call_span:
            start: Start
            end: End
          args:
            - start: Start
              end: End
    - Store:
        data:
          Local: 2
        ctx:
          start: Start
          end: End
    - Load:
        data:
          PrimType: EmptyTable
        ctx:
          start: Start
          end: End
    - Store:
        data:
          Reg: 13
        ctx:
          start: Start
          end: End
    - Load:
        data:
          Const: 6
        ctx:
          start: Start
          end: End
    - Store:
        data:
          Reg: 14
        ctx:
          start: Start
          end: End
    - Load:
        data:
          Const: 7
        ctx:
          start: Start
          end: End
    - Set:
        Setf:
          - - 13
            - true
          - parent_span:
              start: Start
              end: End
            field_span:
              start: Start
              end: End
            assignment_span:
              start: Start
              end: End
            value_span:
              start: Start
              end: End
    - Load:
        data:
          Reg: 13
        ctx:
          start: Start
          end: End
    - Store:
        data:
          Reg: 11
        ctx:
          start: Start
          end: End
    - Get:
        Getfc:
          - 8
          - parent_span:
              start: Start
              end: End
            field_span:
              start: Start
              end: End
    - Store:
        data:
          Reg: 10
        ctx:
          start: Start
          end: End
    - Load:
        data:
          Local: 1
        ctx:
          start: Start
          end: End
    - Store:
        data:
          Reg: 12
        ctx:
          start: Start
          end: End
    - Load:
        data:
          Reg: 10
        ctx:
          start: Start
          end: End
    - Call:
        data:
          reg: 11
          n_args: 1
        ctx:
          fn_span:
            start: Start
            end: End
          call_span:
            start: Start
            end: End
          args:
            - start: Start
              end: End
    - Store:
        data:
          Local: 3
        ctx:
          start: Start
          end: End
    - Load:
        data:
          Local: 2
        ctx:
          start: Start
          end: End
    - Store:
        data:
          Reg: 15
        ctx:
          start: Start
          end: End
    - Load:
        data:
          Local: 3
        ctx:
          start: Start
          end: End
    - Compare:
        data:
          reg: 15
          kind: IsGt
        ctx:
          lhs_span:
            start: Start
            end: End
          op_span:
            start: Start
            end: End
          rhs_span:
            start: Start
            end: End
    - Jump:
        data:
          kind: IfTrue
          block: 1
        ctx:
          start: Start
          end: End
    - Misc:
        data: This
        ctx:
          start: Start
          end: End
    - Store:
        data:
          Reg: 20
        ctx:
          start: Start
          end: End
    - Get:
        Getc:
          - 11
          - ident_span:
              start: Start
              end: End
    - Store:
        data:
          Reg: 19
        ctx:
          start: Start
          end: End
    - Load:
        data:
          Const: 12
        ctx:
          start: Start
          end: End
    - Store:
        data:
          Reg: 21
        ctx:
          start: Start
          end: End
    - Load:
        data:
          Reg: 19
        ctx:
          start: Start
          end: End
    - Call:
        data:
          reg: 20
          n_args: 1
        ctx:
          fn_span:
            start: Start
            end: End
          call_span:
            start: Start
            end: End
          args:
            - start: Start
              end: End
    - Load:
        data:
          Local: 1
        ctx:
          start: Start
          end: End
    - Store:
        data:
          Reg: 22
        ctx:
          start: Start
          end: End
    - Load:
        data:
          Local: 1
        ctx:
          start: Start
          end: End
    - Compare:
        data:
          reg: 22
          kind: IsEq
        ctx:
          lhs_span:
            start: Start
            end: End
          op_span:
            start: Start
            end: End
          rhs_span:
            start: Start
            end: End
    - Jump:
        data:
          kind: IfTrue
          block: 4
        ctx:
          start: Start
          end: End
    - Misc:
        data: This
        ctx:
          start: Start
          end: End
    - Store:
        data:
          Reg: 27
        ctx:
          start: Start
          end: End
    - Get:
        Getc:
          - 15
          - ident_span:
              start: Start
              end: End
    - Store:
        data:
          Reg: 26
        ctx:
          start: Start
          end: End
    - Load:
        data:
          Const: 16
        ctx:
          start: Start
          end: End
    - Store:
        data:
          Reg: 28
        ctx:
          start: Start
          end: End
    - Load:
        data:
          Reg: 26
        ctx:
          start: Start
          end: End
    - Call:
        data:
          reg: 27
          n_args: 1
        ctx:
          fn_span:
            start: Start
            end: End
          call_span:
            start: Start
            end: End
          args:
            - start: Start
              end: End
    - Misc:
        data: Root
        ctx:
          start: Start
          end: End
    - Store:
        data:
          Reg: 30
        ctx:
          start: Start
          end: End
    - Get:
        Getfc:
          - 17
          - parent_span:
              start: Start
              end: End
            field_span:
              start: Start
              end: End
    - Store:
        data:
          Reg: 29
        ctx:
          start: Start
          end: End
    - Load:
        data:
          Const: 18
        ctx:
          start: Start
          end: End
    - Store:
        data:
          Reg: 31
        ctx:
          start: Start
          end: End
    - Load:
        data:
          Reg: 29
        ctx:
          start: Start
          end: End
    - Call:
        data:
          reg: 30
          n_args: 1
        ctx:
          fn_span:
            start: Start
            end: End
          call_span:
            start: Start
            end: End
          args:
            - start: Start
              end: End
    - Class:
        data:
          inherits: false
        ctx:
          class_kw_span:
            start: Start
            end: End
          class_body_span:
            start: Start
            end: End
          extends_kw_ty_span: ~
    - Load:
        data:
          Const: 20
        ctx:
          start: Start
          end: End
    - Store:
        data:
          Reg: 33
        ctx:
          start: Start
          end: End
    - Load:
        data:
          FunIdx: 1
        ctx:
          start: Start
          end: End
    - Set:
        Setf:
          - - 32
            - true
          - parent_span:
              start: Start
              end: End
            field_span:
              start: Start
              end: End
            assignment_span:
              start: Start
              end: End
            value_span:
              start: Start
              end: End
    - Load:
        data:
          Const: 21
        ctx:
          start: Start
          end: End
    - Store:
        data:
          Reg: 33
        ctx:
          start: Start
          end: End
    - Load:
        data:
          FunIdx: 2
        ctx:
          start: Start
          end: End
    - Set:
        Setf:
          - - 32
            - true
          - parent_span:
              start: Start
              end: End
            field_span:
              start: Start
              end: End
            assignment_span:
              start: Start
              end: End
            value_span:
              start: Start
              end: End
    - Load:
        data:
          Const: 22
        ctx:
          start: Start
          end: End
    - Store:
        data:
          Reg: 33
        ctx:
          start: Start
          end: End
    - Load:
        data:
          Const: 23
        ctx:
          start: Start
          end: End
    - Set:
        Setf:
          - - 32
            - true
          - parent_span:
              start: Start
              end: End
            field_span:
              start: Start
              end: End
            assignment_span:
              start: Start
              end: End
            value_span:
              start: Start
              end: End
    - Load:
        data:
          Reg: 32
        ctx:
          start: Start
          end: End
    - Set:
        Setc:
          - - 19
            - true
          - ident_span:
              start: Start
              end: End
            assignment_span:
              start: Start
              end: End
            value_span:
              start: Start
              end: End
    - Misc:
        data: This
        ctx:
          start: Start
          end: End
    - Store:
        data:
          Reg: 35
        ctx:
          start: Start
          end: End
    - Get:
        Getc:
          - 24
          - ident_span:
              start: Start
              end: End
    - Store:
        data:
          Reg: 34
        ctx:
          start: Start
          end: End
    - Load:
        data:
          Const: 25
        ctx:
          start: Start
          end: End
    - Store:
        data:
          Reg: 36
        ctx:
          start: Start
          end: End
    - Load:
        data:
          Reg: 34
        ctx:
          start: Start
          end: End
    - Call:
        data:
          reg: 35
          n_args: 1
        ctx:
          fn_span:
            start: Start
            end: End
          call_span:
            start: Start
            end: End
          args:
            - start: Start
              end: End
    - Store:
        data:
          Local: 4
        ctx:
          start: Start
          end: End
    - Misc:
        data: This
        ctx:
          start: Start
          end: End
    - Store:
        data:
          Reg: 38
        ctx:
          start: Start
          end: End
    - Get:
        Getc:
          - 26
          - ident_span:
              start: Start
              end: End
    - Store:
        data:
          Reg: 37
        ctx:
          start: Start
          end: End
    - Load:
        data:
          Const: 27
        ctx:
          start: Start
          end: End
    - Store:
        data:
          Reg: 39
        ctx:
          start: Start
          end: End
    - Load:
        data:
          Reg: 37
        ctx:
          start: Start
          end: End
    - Call:
        data:
          reg: 38
          n_args: 1
        ctx:
          fn_span:
            start: Start
            end: End
          call_span:
            start: Start
            end: End
          args:
            - start: Start
              end: End
    - Store:
        data:
          Local: 5
        ctx:
          start: Start
          end: End
    - Load:
        data:
          Local: 4
        ctx:
          start: Start
          end: End
    - Store:
        data:
          Reg: 40
        ctx:
          start: Start
          end: End
    - Load:
        data:
          Local: 5
        ctx:
          start: Start
          end: End
    - Compare:
        data:
          reg: 40
          kind: IsGt
        ctx:
          lhs_span:
            start: Start
            end: End
          op_span:
            start: Start
            end: End
          rhs_span:
            start: Start
            end: End
    - Jump:
        data:
          kind: IfTrue
          block: 7
        ctx:
          start: Start
          end: End
    - Misc:
        data: This
        ctx:
          start: Start
          end: End
    - Store:
        data:
          Reg: 45
        ctx:
          start: Start
          end: End
    - Get:
        Getc:
          - 30
          - ident_span:
              start: Start
              end: End
    - Store:
        data:
          Reg: 44
        ctx:
          start: Start
          end: End
    - Load:
        data:
          Const: 31
        ctx:
          start: Start
          end: End
    - Store:
        data:
          Reg: 46
        ctx:
          start: Start
          end: End
    - Load:
        data:
          Reg: 44
        ctx:
          start: Start
          end: End
    - Call:
        data:
          reg: 45
          n_args: 1
        ctx:
          fn_span:
            start: Start
            end: End
          call_span:
            start: Start
            end: End
          args:
            - start: Start
              end: End
    - Ret:
        data: Void
        ctx:
          start: Start
          end: End
    - Misc:
        data: This
        ctx:
          start: Start
          end: End
    - Store:
        data:
          Reg: 17
        ctx:
          start: Start
          end: End
    - Get:
        Getc:
          - 9
          - ident_span:
              start: Start
              end: End
    - Store:
        data:
          Reg: 16
        ctx:
          start: Start
          end: End
    - Load:
        data:
          Const: 10
        ctx:
          start: Start
          end: End
    - Store:
        data:
          Reg: 18
        ctx:
          start: Start
          end: End
    - Load:
        data:
          Reg: 16
        ctx:
          start: Start
          end: End
    - Call:
        data:
          reg: 17
          n_args: 1
        ctx:
          fn_span:
            start: Start
            end: End
          call_span:
            start: Start
            end: End
          args:
            - start: Start
              end: End
    - Jump:
        data:
          kind: Always
          block: 3
        ctx:
          start: Start
          end: End
    - Misc:
        data: This
        ctx:
          start: Start
          end: End
    - Store:
        data:
          Reg: 24
        ctx:
          start: Start
          end: End
    - Get:
        Getc:
          - 13
          - ident_span:
              start: Start
              end: End
    - Store:
        data:
          Reg: 23
        ctx:
          start: Start
          end: End
    - Load:
        data:
          Const: 14
        ctx:
          start: Start
          end: End
    - Store:
        data:
          Reg: 25
        ctx:
          start: Start
          end: End
    - Load:
        data:
          Reg: 23
        ctx:
          start: Start
          end: End
    - Call:
        data:
          reg: 24
          n_args: 1
        ctx:
          fn_span:
            start: Start
            end: End
          call_span:
            start: Start
            end: End
          args:
            - start: Start
              end: End
    - Jump:
        data:
          kind: Always
          block: 6
        ctx:
          start: Start
          end: End
    - Misc:
        data: This
        ctx:
          start: Start
          end: End
    - Store:
        data:
          Reg: 42
        ctx:
          start: Start
          end: End
    - Get:
        Getc:
          - 28
          - ident_span:
              start: Start
              end: End
    - Store:
        data:
          Reg: 41
        ctx:
          start: Start
          end: End
    - Load:
        data:
          Const: 29
        ctx:
          start: Start
          end: End
    - Store:
        data:
          Reg: 43
        ctx:
          start: Start
          end: End
    - Load:
        data:
          Reg: 41
        ctx:
          start: Start
          end: End
    - Call:
        data:
          reg: 42
          n_args: 1
        ctx:
          fn_span:
            start: Start
            end: End
          call_span:
            start: Start
            end: End
          args:
            - start: Start
              end: End
    - Jump:
        data:
          kind: Always
          block: 9
        ctx:
          start: Start
          end: End
  block_offsets:
    - 0
    - 127
    - 51
    - 59
    - 136
    - 64
    - 72
    - 145
    - 118
    - 126
  constants:
    - String: print
    - String: "With Tables:\n"
    - String: _cmp
    - String: name
    - String: Alberto
    - String: setdelegate
    - String: name
    - String: Wouter
    - String: setdelegate
    - String: print
    - String: "a>b\n"
    - String: print
    - String: "b<=a\n"
    - String: print
    - String: "comparable==comparable\n"
    - String: print
    - String: "comparable!=comparable\n"
    - String: print
    - String: "\nWith Classes:\n"
    - String: Comparable
    - String: constructor
    - String: _cmp
    - String: name
    - "Null"
    - String: Comparable
    - String: Alberto
    - String: Comparable
    - String: Wouter
    - String: print
    - String: "a>b\n"
    - String: print
    - String: "b<=a\n"
  is_varargs: true
  num_regs: 47
  num_params: 0
  locals:
    - - vargv
      - 0
    - - comparable
      - 1
    - - a
      - 2
    - - b
      - 3
    - - a
      - 4
    - - b
      - 5
  num_locals: 6
