---
source: squirrel_lang/src/vm/compiler.rs
expression: actual_code
---
- code:
    - Load:
        data:
          Const: 0
        ctx:
          start: Start
          end: End
    - Store:
        data:
          Local: 1
        ctx:
          start: Start
          end: End
    - Load:
        data:
          Const: 1
        ctx:
          start: Start
          end: End
    - Store:
        data:
          Local: 2
        ctx:
          start: Start
          end: End
    - Load:
        data:
          Const: 2
        ctx:
          start: Start
          end: End
    - Store:
        data:
          Local: 3
        ctx:
          start: Start
          end: End
    - Load:
        data:
          Const: 3
        ctx:
          start: Start
          end: End
    - Unary:
        data: NEG
        ctx:
          op_span:
            start: Start
            end: End
          val_span:
            start: Start
            end: End
    - Store:
        data:
          Local: 4
        ctx:
          start: Start
          end: End
    - Misc:
        data: Root
        ctx:
          start: Start
          end: End
    - Store:
        data:
          Reg: 1
        ctx:
          start: Start
          end: End
    - Get:
        Getfc:
          - 4
          - parent_span:
              start: Start
              end: End
            field_span:
              start: Start
              end: End
    - Store:
        data:
          Reg: 0
        ctx:
          start: Start
          end: End
    - Load:
        data:
          Local: 1
        ctx:
          start: Start
          end: End
    - Store:
        data:
          Reg: 3
        ctx:
          start: Start
          end: End
    - Load:
        data:
          Const: 5
        ctx:
          start: Start
          end: End
    - Arith:
        data:
          op: Add
          reg: 3
        ctx:
          lhs_span:
            start: Start
            end: End
          op_span:
            start: Start
            end: End
          rhs_span:
            start: Start
            end: End
    - Store:
        data:
          Reg: 2
        ctx:
          start: Start
          end: End
    - Load:
        data:
          Reg: 0
        ctx:
          start: Start
          end: End
    - Call:
        data:
          reg: 1
          n_args: 1
        ctx:
          fn_span:
            start: Start
            end: End
          call_span:
            start: Start
            end: End
          args:
            - start: Start
              end: End
    - Misc:
        data: Root
        ctx:
          start: Start
          end: End
    - Store:
        data:
          Reg: 5
        ctx:
          start: Start
          end: End
    - Get:
        Getfc:
          - 6
          - parent_span:
              start: Start
              end: End
            field_span:
              start: Start
              end: End
    - Store:
        data:
          Reg: 4
        ctx:
          start: Start
          end: End
    - Load:
        data:
          Local: 2
        ctx:
          start: Start
          end: End
    - Store:
        data:
          Reg: 7
        ctx:
          start: Start
          end: End
    - Load:
        data:
          Const: 7
        ctx:
          start: Start
          end: End
    - Arith:
        data:
          op: Add
          reg: 7
        ctx:
          lhs_span:
            start: Start
            end: End
          op_span:
            start: Start
            end: End
          rhs_span:
            start: Start
            end: End
    - Store:
        data:
          Reg: 6
        ctx:
          start: Start
          end: End
    - Load:
        data:
          Reg: 4
        ctx:
          start: Start
          end: End
    - Call:
        data:
          reg: 5
          n_args: 1
        ctx:
          fn_span:
            start: Start
            end: End
          call_span:
            start: Start
            end: End
          args:
            - start: Start
              end: End
    - Misc:
        data: Root
        ctx:
          start: Start
          end: End
    - Store:
        data:
          Reg: 9
        ctx:
          start: Start
          end: End
    - Get:
        Getfc:
          - 8
          - parent_span:
              start: Start
              end: End
            field_span:
              start: Start
              end: End
    - Store:
        data:
          Reg: 8
        ctx:
          start: Start
          end: End
    - Load:
        data:
          Local: 3
        ctx:
          start: Start
          end: End
    - Store:
        data:
          Reg: 11
        ctx:
          start: Start
          end: End
    - Load:
        data:
          Const: 9
        ctx:
          start: Start
          end: End
    - Arith:
        data:
          op: Add
          reg: 11
        ctx:
          lhs_span:
            start: Start
            end: End
          op_span:
            start: Start
            end: End
          rhs_span:
            start: Start
            end: End
    - Store:
        data:
          Reg: 10
        ctx:
          start: Start
          end: End
    - Load:
        data:
          Reg: 8
        ctx:
          start: Start
          end: End
    - Call:
        data:
          reg: 9
          n_args: 1
        ctx:
          fn_span:
            start: Start
            end: End
          call_span:
            start: Start
            end: End
          args:
            - start: Start
              end: End
    - Misc:
        data: Root
        ctx:
          start: Start
          end: End
    - Store:
        data:
          Reg: 13
        ctx:
          start: Start
          end: End
    - Get:
        Getfc:
          - 10
          - parent_span:
              start: Start
              end: End
            field_span:
              start: Start
              end: End
    - Store:
        data:
          Reg: 12
        ctx:
          start: Start
          end: End
    - Load:
        data:
          Local: 4
        ctx:
          start: Start
          end: End
    - Store:
        data:
          Reg: 15
        ctx:
          start: Start
          end: End
    - Load:
        data:
          Const: 11
        ctx:
          start: Start
          end: End
    - Arith:
        data:
          op: Add
          reg: 15
        ctx:
          lhs_span:
            start: Start
            end: End
          op_span:
            start: Start
            end: End
          rhs_span:
            start: Start
            end: End
    - Store:
        data:
          Reg: 14
        ctx:
          start: Start
          end: End
    - Load:
        data:
          Reg: 12
        ctx:
          start: Start
          end: End
    - Call:
        data:
          reg: 13
          n_args: 1
        ctx:
          fn_span:
            start: Start
            end: End
          call_span:
            start: Start
            end: End
          args:
            - start: Start
              end: End
    - Misc:
        data: Root
        ctx:
          start: Start
          end: End
    - Store:
        data:
          Reg: 17
        ctx:
          start: Start
          end: End
    - Get:
        Getfc:
          - 12
          - parent_span:
              start: Start
              end: End
            field_span:
              start: Start
              end: End
    - Store:
        data:
          Reg: 16
        ctx:
          start: Start
          end: End
    - Load:
        data:
          Const: 13
        ctx:
          start: Start
          end: End
    - Store:
        data:
          Reg: 20
        ctx:
          start: Start
          end: End
    - Load:
        data:
          Const: 14
        ctx:
          start: Start
          end: End
    - Arith:
        data:
          op: Modu
          reg: 20
        ctx:
          lhs_span:
            start: Start
            end: End
          op_span:
            start: Start
            end: End
          rhs_span:
            start: Start
            end: End
    - Store:
        data:
          Reg: 19
        ctx:
          start: Start
          end: End
    - Load:
        data:
          Const: 15
        ctx:
          start: Start
          end: End
    - Arith:
        data:
          op: Add
          reg: 19
        ctx:
          lhs_span:
            start: Start
            end: End
          op_span:
            start: Start
            end: End
          rhs_span:
            start: Start
            end: End
    - Store:
        data:
          Reg: 18
        ctx:
          start: Start
          end: End
    - Load:
        data:
          Reg: 16
        ctx:
          start: Start
          end: End
    - Call:
        data:
          reg: 17
          n_args: 1
        ctx:
          fn_span:
            start: Start
            end: End
          call_span:
            start: Start
            end: End
          args:
            - start: Start
              end: End
    - Misc:
        data: Root
        ctx:
          start: Start
          end: End
    - Store:
        data:
          Reg: 22
        ctx:
          start: Start
          end: End
    - Get:
        Getfc:
          - 16
          - parent_span:
              start: Start
              end: End
            field_span:
              start: Start
              end: End
    - Store:
        data:
          Reg: 21
        ctx:
          start: Start
          end: End
    - Load:
        data:
          Const: 17
        ctx:
          start: Start
          end: End
    - Store:
        data:
          Reg: 25
        ctx:
          start: Start
          end: End
    - Load:
        data:
          Const: 18
        ctx:
          start: Start
          end: End
    - Arith:
        data:
          op: Modu
          reg: 25
        ctx:
          lhs_span:
            start: Start
            end: End
          op_span:
            start: Start
            end: End
          rhs_span:
            start: Start
            end: End
    - Store:
        data:
          Reg: 24
        ctx:
          start: Start
          end: End
    - Load:
        data:
          Const: 19
        ctx:
          start: Start
          end: End
    - Arith:
        data:
          op: Add
          reg: 24
        ctx:
          lhs_span:
            start: Start
            end: End
          op_span:
            start: Start
            end: End
          rhs_span:
            start: Start
            end: End
    - Store:
        data:
          Reg: 23
        ctx:
          start: Start
          end: End
    - Load:
        data:
          Reg: 21
        ctx:
          start: Start
          end: End
    - Call:
        data:
          reg: 22
          n_args: 1
        ctx:
          fn_span:
            start: Start
            end: End
          call_span:
            start: Start
            end: End
          args:
            - start: Start
              end: End
    - Misc:
        data: Root
        ctx:
          start: Start
          end: End
    - Store:
        data:
          Reg: 27
        ctx:
          start: Start
          end: End
    - Get:
        Getfc:
          - 20
          - parent_span:
              start: Start
              end: End
            field_span:
              start: Start
              end: End
    - Store:
        data:
          Reg: 26
        ctx:
          start: Start
          end: End
    - Load:
        data:
          Const: 21
        ctx:
          start: Start
          end: End
    - Unary:
        data: NEG
        ctx:
          op_span:
            start: Start
            end: End
          val_span:
            start: Start
            end: End
    - Store:
        data:
          Reg: 30
        ctx:
          start: Start
          end: End
    - Load:
        data:
          Const: 22
        ctx:
          start: Start
          end: End
    - Arith:
        data:
          op: Modu
          reg: 30
        ctx:
          lhs_span:
            start: Start
            end: End
          op_span:
            start: Start
            end: End
          rhs_span:
            start: Start
            end: End
    - Store:
        data:
          Reg: 29
        ctx:
          start: Start
          end: End
    - Load:
        data:
          Const: 23
        ctx:
          start: Start
          end: End
    - Arith:
        data:
          op: Add
          reg: 29
        ctx:
          lhs_span:
            start: Start
            end: End
          op_span:
            start: Start
            end: End
          rhs_span:
            start: Start
            end: End
    - Store:
        data:
          Reg: 28
        ctx:
          start: Start
          end: End
    - Load:
        data:
          Reg: 26
        ctx:
          start: Start
          end: End
    - Call:
        data:
          reg: 27
          n_args: 1
        ctx:
          fn_span:
            start: Start
            end: End
          call_span:
            start: Start
            end: End
          args:
            - start: Start
              end: End
    - Misc:
        data: Root
        ctx:
          start: Start
          end: End
    - Store:
        data:
          Reg: 32
        ctx:
          start: Start
          end: End
    - Get:
        Getfc:
          - 24
          - parent_span:
              start: Start
              end: End
            field_span:
              start: Start
              end: End
    - Store:
        data:
          Reg: 31
        ctx:
          start: Start
          end: End
    - Load:
        data:
          Const: 25
        ctx:
          start: Start
          end: End
    - Unary:
        data: NEG
        ctx:
          op_span:
            start: Start
            end: End
          val_span:
            start: Start
            end: End
    - Store:
        data:
          Reg: 35
        ctx:
          start: Start
          end: End
    - Load:
        data:
          Const: 26
        ctx:
          start: Start
          end: End
    - Arith:
        data:
          op: Modu
          reg: 35
        ctx:
          lhs_span:
            start: Start
            end: End
          op_span:
            start: Start
            end: End
          rhs_span:
            start: Start
            end: End
    - Store:
        data:
          Reg: 34
        ctx:
          start: Start
          end: End
    - Load:
        data:
          Const: 27
        ctx:
          start: Start
          end: End
    - Arith:
        data:
          op: Add
          reg: 34
        ctx:
          lhs_span:
            start: Start
            end: End
          op_span:
            start: Start
            end: End
          rhs_span:
            start: Start
            end: End
    - Store:
        data:
          Reg: 33
        ctx:
          start: Start
          end: End
    - Load:
        data:
          Reg: 31
        ctx:
          start: Start
          end: End
    - Call:
        data:
          reg: 32
          n_args: 1
        ctx:
          fn_span:
            start: Start
            end: End
          call_span:
            start: Start
            end: End
          args:
            - start: Start
              end: End
    - Misc:
        data: Root
        ctx:
          start: Start
          end: End
    - Store:
        data:
          Reg: 37
        ctx:
          start: Start
          end: End
    - Get:
        Getfc:
          - 28
          - parent_span:
              start: Start
              end: End
            field_span:
              start: Start
              end: End
    - Store:
        data:
          Reg: 36
        ctx:
          start: Start
          end: End
    - Load:
        data:
          Const: 29
        ctx:
          start: Start
          end: End
    - Unary:
        data: NEG
        ctx:
          op_span:
            start: Start
            end: End
          val_span:
            start: Start
            end: End
    - Store:
        data:
          Reg: 40
        ctx:
          start: Start
          end: End
    - Load:
        data:
          Const: 30
        ctx:
          start: Start
          end: End
    - Unary:
        data: NEG
        ctx:
          op_span:
            start: Start
            end: End
          val_span:
            start: Start
            end: End
    - Arith:
        data:
          op: Modu
          reg: 40
        ctx:
          lhs_span:
            start: Start
            end: End
          op_span:
            start: Start
            end: End
          rhs_span:
            start: Start
            end: End
    - Store:
        data:
          Reg: 39
        ctx:
          start: Start
          end: End
    - Load:
        data:
          Const: 31
        ctx:
          start: Start
          end: End
    - Arith:
        data:
          op: Add
          reg: 39
        ctx:
          lhs_span:
            start: Start
            end: End
          op_span:
            start: Start
            end: End
          rhs_span:
            start: Start
            end: End
    - Store:
        data:
          Reg: 38
        ctx:
          start: Start
          end: End
    - Load:
        data:
          Reg: 36
        ctx:
          start: Start
          end: End
    - Call:
        data:
          reg: 37
          n_args: 1
        ctx:
          fn_span:
            start: Start
            end: End
          call_span:
            start: Start
            end: End
          args:
            - start: Start
              end: End
    - Misc:
        data: Root
        ctx:
          start: Start
          end: End
    - Store:
        data:
          Reg: 42
        ctx:
          start: Start
          end: End
    - Get:
        Getfc:
          - 32
          - parent_span:
              start: Start
              end: End
            field_span:
              start: Start
              end: End
    - Store:
        data:
          Reg: 41
        ctx:
          start: Start
          end: End
    - Load:
        data:
          Const: 33
        ctx:
          start: Start
          end: End
    - Unary:
        data: NEG
        ctx:
          op_span:
            start: Start
            end: End
          val_span:
            start: Start
            end: End
    - Store:
        data:
          Reg: 45
        ctx:
          start: Start
          end: End
    - Load:
        data:
          Const: 34
        ctx:
          start: Start
          end: End
    - Unary:
        data: NEG
        ctx:
          op_span:
            start: Start
            end: End
          val_span:
            start: Start
            end: End
    - Arith:
        data:
          op: Modu
          reg: 45
        ctx:
          lhs_span:
            start: Start
            end: End
          op_span:
            start: Start
            end: End
          rhs_span:
            start: Start
            end: End
    - Store:
        data:
          Reg: 44
        ctx:
          start: Start
          end: End
    - Load:
        data:
          Const: 35
        ctx:
          start: Start
          end: End
    - Arith:
        data:
          op: Add
          reg: 44
        ctx:
          lhs_span:
            start: Start
            end: End
          op_span:
            start: Start
            end: End
          rhs_span:
            start: Start
            end: End
    - Store:
        data:
          Reg: 43
        ctx:
          start: Start
          end: End
    - Load:
        data:
          Reg: 41
        ctx:
          start: Start
          end: End
    - Call:
        data:
          reg: 42
          n_args: 1
        ctx:
          fn_span:
            start: Start
            end: End
          call_span:
            start: Start
            end: End
          args:
            - start: Start
              end: End
    - Misc:
        data: Root
        ctx:
          start: Start
          end: End
    - Store:
        data:
          Reg: 47
        ctx:
          start: Start
          end: End
    - Get:
        Getfc:
          - 36
          - parent_span:
              start: Start
              end: End
            field_span:
              start: Start
              end: End
    - Store:
        data:
          Reg: 46
        ctx:
          start: Start
          end: End
    - Load:
        data:
          Const: 37
        ctx:
          start: Start
          end: End
    - Store:
        data:
          Reg: 50
        ctx:
          start: Start
          end: End
    - Load:
        data:
          Const: 38
        ctx:
          start: Start
          end: End
    - Unary:
        data: NEG
        ctx:
          op_span:
            start: Start
            end: End
          val_span:
            start: Start
            end: End
    - Arith:
        data:
          op: Modu
          reg: 50
        ctx:
          lhs_span:
            start: Start
            end: End
          op_span:
            start: Start
            end: End
          rhs_span:
            start: Start
            end: End
    - Store:
        data:
          Reg: 49
        ctx:
          start: Start
          end: End
    - Load:
        data:
          Const: 39
        ctx:
          start: Start
          end: End
    - Arith:
        data:
          op: Add
          reg: 49
        ctx:
          lhs_span:
            start: Start
            end: End
          op_span:
            start: Start
            end: End
          rhs_span:
            start: Start
            end: End
    - Store:
        data:
          Reg: 48
        ctx:
          start: Start
          end: End
    - Load:
        data:
          Reg: 46
        ctx:
          start: Start
          end: End
    - Call:
        data:
          reg: 47
          n_args: 1
        ctx:
          fn_span:
            start: Start
            end: End
          call_span:
            start: Start
            end: End
          args:
            - start: Start
              end: End
    - Misc:
        data: Root
        ctx:
          start: Start
          end: End
    - Store:
        data:
          Reg: 52
        ctx:
          start: Start
          end: End
    - Get:
        Getfc:
          - 40
          - parent_span:
              start: Start
              end: End
            field_span:
              start: Start
              end: End
    - Store:
        data:
          Reg: 51
        ctx:
          start: Start
          end: End
    - Load:
        data:
          Const: 41
        ctx:
          start: Start
          end: End
    - Store:
        data:
          Reg: 55
        ctx:
          start: Start
          end: End
    - Load:
        data:
          Const: 42
        ctx:
          start: Start
          end: End
    - Unary:
        data: NEG
        ctx:
          op_span:
            start: Start
            end: End
          val_span:
            start: Start
            end: End
    - Arith:
        data:
          op: Modu
          reg: 55
        ctx:
          lhs_span:
            start: Start
            end: End
          op_span:
            start: Start
            end: End
          rhs_span:
            start: Start
            end: End
    - Store:
        data:
          Reg: 54
        ctx:
          start: Start
          end: End
    - Load:
        data:
          Const: 43
        ctx:
          start: Start
          end: End
    - Arith:
        data:
          op: Add
          reg: 54
        ctx:
          lhs_span:
            start: Start
            end: End
          op_span:
            start: Start
            end: End
          rhs_span:
            start: Start
            end: End
    - Store:
        data:
          Reg: 53
        ctx:
          start: Start
          end: End
    - Load:
        data:
          Reg: 51
        ctx:
          start: Start
          end: End
    - Call:
        data:
          reg: 52
          n_args: 1
        ctx:
          fn_span:
            start: Start
            end: End
          call_span:
            start: Start
            end: End
          args:
            - start: Start
              end: End
    - Ret:
        data: Void
        ctx:
          start: Start
          end: End
  block_offsets:
    - 0
  constants:
    - Number: 1
    - Number: 0.234
    - Number: 0.001
    - Number: 0.03
    - String: print
    - String: "\n"
    - String: print
    - String: "\n"
    - String: print
    - String: "\n"
    - String: print
    - String: "\n"
    - String: print
    - Number: 5.5
    - Number: 1.5
    - String: "\n"
    - String: print
    - Number: 5.5
    - Integer: 3
    - String: "\n"
    - String: print
    - Number: 5.5
    - Number: 1.5
    - String: "\n"
    - String: print
    - Number: 5.5
    - Integer: 3
    - String: "\n"
    - String: print
    - Number: 5.5
    - Number: 1.5
    - String: "\n"
    - String: print
    - Number: 5.5
    - Integer: 3
    - String: "\n"
    - String: print
    - Number: 5.5
    - Number: 1.5
    - String: "\n"
    - String: print
    - Number: 5.5
    - Integer: 3
    - String: "\n"
  is_varargs: true
  num_regs: 56
  num_params: 0
  locals:
    - NamedReg:
        - 0
        - vargv
    - NamedReg:
        - 1
        - a
    - NamedReg:
        - 2
        - b
    - NamedReg:
        - 3
        - c
    - NamedReg:
        - 4
        - d
  num_locals: 0
