---
source: squirrel_lang/src/walker/runtime.rs
expression: Walker test for edge_cases/delete_to_root.nut (Generated by sq_expect.py)
---
true, true
true, false
false, false
