---
source: squirrel_lang/src/walker/runtime.rs
expression: Walker test for edge_cases/root_delegate.nut (Generated by sq_expect.py)
---
Hello from new_root
Hello from new_root_del
Hello from new_root
Hello from new_root_del
Done
