---
source: squirrel_lang/src/walker/runtime.rs
expression: Walker test for edge_cases/func_env.nut (Generated by sq_expect.py)
---
File Table
Table A
Table B
No ident
File Table
