---
source: squirrel_lang/src/walker/runtime.rs
expression: Walker test for parse_test/newlines.nut (Generated by sq_expect.py)
---
Yes
12
