---
source: squirrel_lang/src/walker/runtime.rs
expression: Walker test for verify/lexical_structure/literals.nut (Generated by sq_expect.py)
---
34
4278231328
491
97
1.52
0.01
120
I'm a string
I'm a verbatim string
I'm a verbatim string
that spans multiple lines
