---
source: squirrel_lang/src/walker/runtime.rs
expression: Walker test for verify/values_and_data_types/array.nut (Generated by sq_expect.py)
---
I'm array
null
array
