---
source: squirrel_lang/src/parser/mod.rs
expression: actual_ast
---
keyword_span:
  start: Start
  end: End
arg_span:
  start: Start
  end: End
num_args: 0
default_expr: []
local_names:
  - - vargv
    - 0
num_locals: 1
upvalues: []
is_varargs: true
body:
  data:
    Block:
      - data:
          Expr:
            data:
              Assign:
                target:
                  Ident:
                    - table_a
                    - start: Start
                      end: End
                value:
                  data:
                    TableDecl:
                      - - data:
                            Literal:
                              String: ident
                          span:
                            start: Start
                            end: End
                        - data:
                            Literal:
                              String: Table A
                          span:
                            start: Start
                            end: End
                  span:
                    start: Start
                    end: End
                kind: NewSlot
                op_span:
                  start: Start
                  end: End
            span:
              start: Start
              end: End
        span:
          start: Start
          end: End
      - data:
          Expr:
            data:
              Assign:
                target:
                  Ident:
                    - table_b
                    - start: Start
                      end: End
                value:
                  data:
                    TableDecl:
                      - - data:
                            Literal:
                              String: ident
                          span:
                            start: Start
                            end: End
                        - data:
                            Literal:
                              String: Table B
                          span:
                            start: Start
                            end: End
                  span:
                    start: Start
                    end: End
                kind: NewSlot
                op_span:
                  start: Start
                  end: End
            span:
              start: Start
              end: End
        span:
          start: Start
          end: End
      - data:
          Expr:
            data:
              Assign:
                target:
                  Ident:
                    - ident
                    - start: Start
                      end: End
                value:
                  data:
                    Literal:
                      String: File Table
                  span:
                    start: Start
                    end: End
                kind: NewSlot
                op_span:
                  start: Start
                  end: End
            span:
              start: Start
              end: End
        span:
          start: Start
          end: End
      - data:
          Expr:
            data:
              Assign:
                target:
                  Ident:
                    - get_ident
                    - start: Start
                      end: End
                value:
                  data:
                    FunctionDef:
                      keyword_span:
                        start: Start
                        end: End
                      arg_span:
                        start: Start
                        end: End
                      num_args: 0
                      default_expr: []
                      local_names: []
                      num_locals: 0
                      upvalues: []
                      is_varargs: false
                      body:
                        data:
                          Block:
                            - data:
                                IfElse:
                                  - data:
                                      BinaryOp:
                                        op: Eq
                                        op_span:
                                          start: Start
                                          end: End
                                        lhs:
                                          data: This
                                          span:
                                            start: Start
                                            end: End
                                        rhs:
                                          data:
                                            Literal: "Null"
                                          span:
                                            start: Start
                                            end: End
                                    span:
                                      start: Start
                                      end: End
                                  - data:
                                      Block:
                                        - data:
                                            Expr:
                                              data:
                                                FunctionCall:
                                                  func:
                                                    FieldAccess:
                                                      - data: Globals
                                                        span:
                                                          start: Start
                                                          end: End
                                                      - - print
                                                        - start: Start
                                                          end: End
                                                  args:
                                                    - data:
                                                        Literal:
                                                          String: "No ident\n"
                                                      span:
                                                        start: Start
                                                        end: End
                                              span:
                                                start: Start
                                                end: End
                                          span:
                                            start: Start
                                            end: End
                                    span:
                                      start: Start
                                      end: End
                                  - data:
                                      Block:
                                        - data:
                                            Expr:
                                              data:
                                                FunctionCall:
                                                  func:
                                                    FieldAccess:
                                                      - data: Globals
                                                        span:
                                                          start: Start
                                                          end: End
                                                      - - print
                                                        - start: Start
                                                          end: End
                                                  args:
                                                    - data:
                                                        BinaryOp:
                                                          op: Add
                                                          op_span:
                                                            start: Start
                                                            end: End
                                                          lhs:
                                                            data:
                                                              FieldAccess:
                                                                - data: This
                                                                  span:
                                                                    start: Start
                                                                    end: End
                                                                - - ident
                                                                  - start: Start
                                                                    end: End
                                                            span:
                                                              start: Start
                                                              end: End
                                                          rhs:
                                                            data:
                                                              Literal:
                                                                String: "\n"
                                                            span:
                                                              start: Start
                                                              end: End
                                                      span:
                                                        start: Start
                                                        end: End
                                              span:
                                                start: Start
                                                end: End
                                          span:
                                            start: Start
                                            end: End
                                    span:
                                      start: Start
                                      end: End
                              span:
                                start: Start
                                end: End
                        span:
                          start: Start
                          end: End
                  span:
                    start: Start
                    end: End
                kind: NewSlot
                op_span:
                  start: Start
                  end: End
            span:
              start: Start
              end: End
        span:
          start: Start
          end: End
      - data:
          Expr:
            data:
              FunctionCall:
                func:
                  Expr:
                    data:
                      Ident: get_ident
                    span:
                      start: Start
                      end: End
                args: []
            span:
              start: Start
              end: End
        span:
          start: Start
          end: End
      - data:
          Expr:
            data:
              Assign:
                target:
                  FieldAccess:
                    - data:
                        Ident: table_a
                      span:
                        start: Start
                        end: End
                    - - get_ident
                      - start: Start
                        end: End
                value:
                  data:
                    Ident: get_ident
                  span:
                    start: Start
                    end: End
                kind: NewSlot
                op_span:
                  start: Start
                  end: End
            span:
              start: Start
              end: End
        span:
          start: Start
          end: End
      - data:
          Expr:
            data:
              FunctionCall:
                func:
                  FieldAccess:
                    - data:
                        Ident: table_a
                      span:
                        start: Start
                        end: End
                    - - get_ident
                      - start: Start
                        end: End
                args: []
            span:
              start: Start
              end: End
        span:
          start: Start
          end: End
      - data:
          Expr:
            data:
              Assign:
                target:
                  FieldAccess:
                    - data:
                        Ident: table_b
                      span:
                        start: Start
                        end: End
                    - - get_ident
                      - start: Start
                        end: End
                value:
                  data:
                    Ident: get_ident
                  span:
                    start: Start
                    end: End
                kind: NewSlot
                op_span:
                  start: Start
                  end: End
            span:
              start: Start
              end: End
        span:
          start: Start
          end: End
      - data:
          Expr:
            data:
              FunctionCall:
                func:
                  FieldAccess:
                    - data:
                        Ident: table_b
                      span:
                        start: Start
                        end: End
                    - - get_ident
                      - start: Start
                        end: End
                args: []
            span:
              start: Start
              end: End
        span:
          start: Start
          end: End
      - data:
          Expr:
            data:
              RawCall:
                func:
                  data:
                    Ident: get_ident
                  span:
                    start: Start
                    end: End
                this:
                  data:
                    Literal: "Null"
                  span:
                    start: Start
                    end: End
                args: []
            span:
              start: Start
              end: End
        span:
          start: Start
          end: End
      - data:
          Expr:
            data:
              Assign:
                target:
                  Ident:
                    - arr
                    - start: Start
                      end: End
                value:
                  data:
                    ArrayDecl:
                      - data:
                          Ident: get_ident
                        span:
                          start: Start
                          end: End
                  span:
                    start: Start
                    end: End
                kind: NewSlot
                op_span:
                  start: Start
                  end: End
            span:
              start: Start
              end: End
        span:
          start: Start
          end: End
      - data:
          Expr:
            data:
              FunctionCall:
                func:
                  Expr:
                    data:
                      ArrayAccess:
                        array:
                          data:
                            Ident: arr
                          span:
                            start: Start
                            end: End
                        index:
                          data:
                            Literal:
                              Integer: 0
                          span:
                            start: Start
                            end: End
                    span:
                      start: Start
                      end: End
                args: []
            span:
              start: Start
              end: End
        span:
          start: Start
          end: End
  span:
    start: Start
    end: End
