---
source: squirrel_lang/src/parser/mod.rs
expression: actual_ast
---
keyword_span:
  start: Start
  end: End
arg_span:
  start: Start
  end: End
num_args: 0
default_expr: []
local_names:
  - - vargv
    - 0
  - - a
    - 1
  - - my_ref_b
    - 2
  - - outer_ref_c
    - 3
  - - i
    - 4
  - - c
    - 5
  - - i
    - 6
  - - d
    - 7
  - - e
    - 8
num_locals: 9
upvalues: []
is_varargs: true
body:
  data:
    Block:
      - data:
          Expr:
            data:
              Assign:
                target:
                  Local:
                    - 1
                    - start: Start
                      end: End
                value:
                  data:
                    Literal:
                      Integer: 0
                  span:
                    start: Start
                    end: End
                kind: Normal
                op_span:
                  start: Start
                  end: End
            span:
              start: Start
              end: End
        span:
          start: Start
          end: End
      - data:
          Expr:
            data:
              Assign:
                target:
                  Ident:
                    - ref_a
                    - start: Start
                      end: End
                value:
                  data:
                    FunctionDef:
                      keyword_span:
                        start: Start
                        end: End
                      arg_span:
                        start: Start
                        end: End
                      num_args: 0
                      default_expr: []
                      local_names: []
                      num_locals: 3
                      upvalues:
                        - - 1
                          - 0
                        - - 1
                          - 1
                        - - 1
                          - 2
                      is_varargs: false
                      body:
                        data:
                          Block:
                            - data:
                                Expr:
                                  data:
                                    FunctionCall:
                                      func:
                                        FieldAccess:
                                          - data: Globals
                                            span:
                                              start: Start
                                              end: End
                                          - - print
                                            - start: Start
                                              end: End
                                      args:
                                        - data:
                                            BinaryOp:
                                              op: Add
                                              op_span:
                                                start: Start
                                                end: End
                                              lhs:
                                                data:
                                                  Local:
                                                    - 0
                                                    - start: Start
                                                      end: End
                                                span:
                                                  start: Start
                                                  end: End
                                              rhs:
                                                data:
                                                  Literal:
                                                    String: "\n"
                                                span:
                                                  start: Start
                                                  end: End
                                          span:
                                            start: Start
                                            end: End
                                  span:
                                    start: Start
                                    end: End
                              span:
                                start: Start
                                end: End
                            - data:
                                Expr:
                                  data:
                                    Assign:
                                      target:
                                        Local:
                                          - 1
                                          - start: Start
                                            end: End
                                      value:
                                        data:
                                          BinaryOp:
                                            op: Add
                                            op_span:
                                              start: Start
                                              end: End
                                            lhs:
                                              data:
                                                Local:
                                                  - 2
                                                  - start: Start
                                                    end: End
                                              span:
                                                start: Start
                                                end: End
                                            rhs:
                                              data:
                                                Literal:
                                                  Integer: 1
                                              span:
                                                start: Start
                                                end: End
                                        span:
                                          start: Start
                                          end: End
                                      kind: Normal
                                      op_span:
                                        start: Start
                                        end: End
                                  span:
                                    start: Start
                                    end: End
                              span:
                                start: Start
                                end: End
                        span:
                          start: Start
                          end: End
                  span:
                    start: Start
                    end: End
                kind: NewSlot
                op_span:
                  start: Start
                  end: End
            span:
              start: Start
              end: End
        span:
          start: Start
          end: End
      - data:
          Expr:
            data:
              FunctionCall:
                func:
                  Expr:
                    data:
                      Ident: ref_a
                    span:
                      start: Start
                      end: End
                args: []
            span:
              start: Start
              end: End
        span:
          start: Start
          end: End
      - data:
          Expr:
            data:
              FunctionCall:
                func:
                  Expr:
                    data:
                      Ident: ref_a
                    span:
                      start: Start
                      end: End
                args: []
            span:
              start: Start
              end: End
        span:
          start: Start
          end: End
      - data:
          Expr:
            data:
              Assign:
                target:
                  Local:
                    - 1
                    - start: Start
                      end: End
                value:
                  data:
                    Literal:
                      Integer: 1
                  span:
                    start: Start
                    end: End
                kind: Add
                op_span:
                  start: Start
                  end: End
            span:
              start: Start
              end: End
        span:
          start: Start
          end: End
      - data:
          Expr:
            data:
              FunctionCall:
                func:
                  Expr:
                    data:
                      Ident: ref_a
                    span:
                      start: Start
                      end: End
                args: []
            span:
              start: Start
              end: End
        span:
          start: Start
          end: End
      - data:
          Expr:
            data:
              FunctionCall:
                func:
                  FieldAccess:
                    - data: Globals
                      span:
                        start: Start
                        end: End
                    - - print
                      - start: Start
                        end: End
                args:
                  - data:
                      BinaryOp:
                        op: Add
                        op_span:
                          start: Start
                          end: End
                        lhs:
                          data:
                            Local:
                              - 1
                              - start: Start
                                end: End
                          span:
                            start: Start
                            end: End
                        rhs:
                          data:
                            Literal:
                              String: "\n"
                          span:
                            start: Start
                            end: End
                    span:
                      start: Start
                      end: End
            span:
              start: Start
              end: End
        span:
          start: Start
          end: End
      - data:
          Expr:
            data:
              Assign:
                target:
                  Ident:
                    - dec_b
                    - start: Start
                      end: End
                value:
                  data:
                    FunctionDef:
                      keyword_span:
                        start: Start
                        end: End
                      arg_span:
                        start: Start
                        end: End
                      num_args: 0
                      default_expr: []
                      local_names:
                        - - b
                          - 0
                      num_locals: 1
                      upvalues: []
                      is_varargs: false
                      body:
                        data:
                          Block:
                            - data:
                                Expr:
                                  data:
                                    Assign:
                                      target:
                                        Local:
                                          - 0
                                          - start: Start
                                            end: End
                                      value:
                                        data:
                                          Literal:
                                            String: I am b
                                        span:
                                          start: Start
                                          end: End
                                      kind: Normal
                                      op_span:
                                        start: Start
                                        end: End
                                  span:
                                    start: Start
                                    end: End
                              span:
                                start: Start
                                end: End
                            - data:
                                Expr:
                                  data:
                                    Assign:
                                      target:
                                        Ident:
                                          - ref_b
                                          - start: Start
                                            end: End
                                      value:
                                        data:
                                          FunctionDef:
                                            keyword_span:
                                              start: Start
                                              end: End
                                            arg_span:
                                              start: Start
                                              end: End
                                            num_args: 0
                                            default_expr: []
                                            local_names: []
                                            num_locals: 1
                                            upvalues:
                                              - - 0
                                                - 0
                                            is_varargs: false
                                            body:
                                              data:
                                                Block:
                                                  - data:
                                                      Expr:
                                                        data:
                                                          FunctionCall:
                                                            func:
                                                              FieldAccess:
                                                                - data: Globals
                                                                  span:
                                                                    start: Start
                                                                    end: End
                                                                - - print
                                                                  - start: Start
                                                                    end: End
                                                            args:
                                                              - data:
                                                                  BinaryOp:
                                                                    op: Add
                                                                    op_span:
                                                                      start: Start
                                                                      end: End
                                                                    lhs:
                                                                      data:
                                                                        Local:
                                                                          - 0
                                                                          - start: Start
                                                                            end: End
                                                                      span:
                                                                        start: Start
                                                                        end: End
                                                                    rhs:
                                                                      data:
                                                                        Literal:
                                                                          String: "\n"
                                                                      span:
                                                                        start: Start
                                                                        end: End
                                                                span:
                                                                  start: Start
                                                                  end: End
                                                        span:
                                                          start: Start
                                                          end: End
                                                    span:
                                                      start: Start
                                                      end: End
                                              span:
                                                start: Start
                                                end: End
                                        span:
                                          start: Start
                                          end: End
                                      kind: NewSlot
                                      op_span:
                                        start: Start
                                        end: End
                                  span:
                                    start: Start
                                    end: End
                              span:
                                start: Start
                                end: End
                            - data:
                                Return:
                                  data:
                                    Ident: ref_b
                                  span:
                                    start: Start
                                    end: End
                              span:
                                start: Start
                                end: End
                        span:
                          start: Start
                          end: End
                  span:
                    start: Start
                    end: End
                kind: NewSlot
                op_span:
                  start: Start
                  end: End
            span:
              start: Start
              end: End
        span:
          start: Start
          end: End
      - data:
          Expr:
            data:
              Assign:
                target:
                  Local:
                    - 2
                    - start: Start
                      end: End
                value:
                  data:
                    FunctionCall:
                      func:
                        Expr:
                          data:
                            Ident: dec_b
                          span:
                            start: Start
                            end: End
                      args: []
                  span:
                    start: Start
                    end: End
                kind: Normal
                op_span:
                  start: Start
                  end: End
            span:
              start: Start
              end: End
        span:
          start: Start
          end: End
      - data:
          Expr:
            data:
              FunctionCall:
                func:
                  Expr:
                    data:
                      Local:
                        - 2
                        - start: Start
                          end: End
                    span:
                      start: Start
                      end: End
                args: []
            span:
              start: Start
              end: End
        span:
          start: Start
          end: End
      - data:
          Block: []
        span:
          start: Start
          end: End
      - data:
          Foreach:
            index_idx: ~
            value_idx: 4
            iterable:
              data:
                ArrayDecl:
                  - data:
                      Literal:
                        Integer: 0
                    span:
                      start: Start
                      end: End
                  - data:
                      Literal:
                        Integer: 1
                    span:
                      start: Start
                      end: End
              span:
                start: Start
                end: End
            body:
              data:
                Block:
                  - data:
                      Expr:
                        data:
                          Assign:
                            target:
                              Local:
                                - 5
                                - start: Start
                                  end: End
                            value:
                              data:
                                Literal:
                                  String: I am c
                              span:
                                start: Start
                                end: End
                            kind: Normal
                            op_span:
                              start: Start
                              end: End
                        span:
                          start: Start
                          end: End
                    span:
                      start: Start
                      end: End
                  - data:
                      Expr:
                        data:
                          Assign:
                            target:
                              Local:
                                - 3
                                - start: Start
                                  end: End
                            value:
                              data:
                                FunctionDef:
                                  keyword_span:
                                    start: Start
                                    end: End
                                  arg_span:
                                    start: Start
                                    end: End
                                  num_args: 0
                                  default_expr: []
                                  local_names: []
                                  num_locals: 1
                                  upvalues:
                                    - - 5
                                      - 0
                                  is_varargs: false
                                  body:
                                    data:
                                      Block:
                                        - data:
                                            Expr:
                                              data:
                                                FunctionCall:
                                                  func:
                                                    FieldAccess:
                                                      - data: Globals
                                                        span:
                                                          start: Start
                                                          end: End
                                                      - - print
                                                        - start: Start
                                                          end: End
                                                  args:
                                                    - data:
                                                        BinaryOp:
                                                          op: Add
                                                          op_span:
                                                            start: Start
                                                            end: End
                                                          lhs:
                                                            data:
                                                              Local:
                                                                - 0
                                                                - start: Start
                                                                  end: End
                                                            span:
                                                              start: Start
                                                              end: End
                                                          rhs:
                                                            data:
                                                              Literal:
                                                                String: "\n"
                                                            span:
                                                              start: Start
                                                              end: End
                                                      span:
                                                        start: Start
                                                        end: End
                                              span:
                                                start: Start
                                                end: End
                                          span:
                                            start: Start
                                            end: End
                                    span:
                                      start: Start
                                      end: End
                              span:
                                start: Start
                                end: End
                            kind: Normal
                            op_span:
                              start: Start
                              end: End
                        span:
                          start: Start
                          end: End
                    span:
                      start: Start
                      end: End
              span:
                start: Start
                end: End
        span:
          start: Start
          end: End
      - data:
          Expr:
            data:
              FunctionCall:
                func:
                  Expr:
                    data:
                      Local:
                        - 3
                        - start: Start
                          end: End
                    span:
                      start: Start
                      end: End
                args: []
            span:
              start: Start
              end: End
        span:
          start: Start
          end: End
      - data:
          Foreach:
            index_idx: ~
            value_idx: 6
            iterable:
              data:
                ArrayDecl:
                  - data:
                      Literal:
                        Integer: 0
                    span:
                      start: Start
                      end: End
              span:
                start: Start
                end: End
            body:
              data:
                Expr:
                  data:
                    Assign:
                      target:
                        Local:
                          - 7
                          - start: Start
                            end: End
                      value:
                        data:
                          Literal:
                            String: I am d
                        span:
                          start: Start
                          end: End
                      kind: Normal
                      op_span:
                        start: Start
                        end: End
                  span:
                    start: Start
                    end: End
              span:
                start: Start
                end: End
        span:
          start: Start
          end: End
      - data:
          Block:
            - data:
                Expr:
                  data:
                    Assign:
                      target:
                        Local:
                          - 8
                          - start: Start
                            end: End
                      value:
                        data:
                          Literal:
                            String: I am e
                        span:
                          start: Start
                          end: End
                      kind: Normal
                      op_span:
                        start: Start
                        end: End
                  span:
                    start: Start
                    end: End
              span:
                start: Start
                end: End
        span:
          start: Start
          end: End
  span:
    start: Start
    end: End
